[codeskdhaka.com/html/kindedo-prev/kindedo/index.html]
[backblue.gif]
[fade.gif]
[index.html]
[codeskdhaka.com/html/kindedo-prev/kindedo/assets/img/logo/favicon.png]
[codeskdhaka.com/html/kindedo-prev/kindedo/assets/css/bootstrap.css]
[codeskdhaka.com/html/kindedo-prev/kindedo/assets/css/meanmenu.css]
[codeskdhaka.com/html/kindedo-prev/kindedo/assets/css/animate.min.css]
[codeskdhaka.com/html/kindedo-prev/kindedo/assets/css/swiper-bundle.css]
[codeskdhaka.com/html/kindedo-prev/kindedo/assets/css/slick.css]
[codeskdhaka.com/html/kindedo-prev/kindedo/assets/css/nouislider.css]
[codeskdhaka.com/html/kindedo-prev/kindedo/assets/css/backtotop.css]
[codeskdhaka.com/html/kindedo-prev/kindedo/assets/css/magnific-popup.css]
[codeskdhaka.com/html/kindedo-prev/kindedo/assets/css/nice-select.css]
[codeskdhaka.com/html/kindedo-prev/kindedo/assets/css/flaticon_kindedo.css]
[codeskdhaka.com/html/kindedo-prev/kindedo/assets/css/font-awesome-pro.css]
[codeskdhaka.com/html/kindedo-prev/kindedo/assets/css/spacing.css]
[codeskdhaka.com/html/kindedo-prev/kindedo/assets/css/main.css]
[codeskdhaka.com/html/kindedo-prev/kindedo/assets/img/bg/preloader.png]
[codeskdhaka.com/html/kindedo-prev/kindedo/index-2.html]
[codeskdhaka.com/html/kindedo-prev/kindedo/assets/img/logo/logo.svg]
[codeskdhaka.com/html/kindedo-prev/kindedo/index-3.html]
[codeskdhaka.com/html/kindedo-prev/kindedo/index-4.html]
[codeskdhaka.com/html/kindedo-prev/kindedo/about.html]
[codeskdhaka.com/html/kindedo-prev/kindedo/programs.html]
[codeskdhaka.com/html/kindedo-prev/kindedo/program-details.html]
[codeskdhaka.com/html/kindedo-prev/kindedo/assets/img/logo/mega-menu-1.png]
[codeskdhaka.com/html/kindedo-prev/kindedo/shop.html]
[codeskdhaka.com/html/kindedo-prev/kindedo/shop-details.html]
[codeskdhaka.com/html/kindedo-prev/kindedo/wishlist.html]
[codeskdhaka.com/html/kindedo-prev/kindedo/cart.html]
[codeskdhaka.com/html/kindedo-prev/kindedo/checkout.html]
[codeskdhaka.com/html/kindedo-prev/kindedo/teacher.html]
[codeskdhaka.com/html/kindedo-prev/kindedo/teacher-details.html]
[codeskdhaka.com/html/kindedo-prev/kindedo/time-table.html]
[codeskdhaka.com/html/kindedo-prev/kindedo/testimonial.html]
[codeskdhaka.com/html/kindedo-prev/kindedo/gallery.html]
[codeskdhaka.com/html/kindedo-prev/kindedo/faq.html]
[codeskdhaka.com/html/kindedo-prev/kindedo/classes.html]
[codeskdhaka.com/html/kindedo-prev/kindedo/class-details.html]
[codeskdhaka.com/html/kindedo-prev/kindedo/news.html]
[codeskdhaka.com/html/kindedo-prev/kindedo/news-sidebar.html]
[codeskdhaka.com/html/kindedo-prev/kindedo/error-404.html]
[codeskdhaka.com/html/kindedo-prev/kindedo/news-classic.html]
[codeskdhaka.com/html/kindedo-prev/kindedo/news-details.html]
[codeskdhaka.com/html/kindedo-prev/kindedo/contact.html]
[codeskdhaka.com/html/kindedo-prev/kindedo/assets/img/shop/9.2.jpg]
[codeskdhaka.com/html/kindedo-prev/kindedo/assets/img/shape/curved-line-2.png]
[codeskdhaka.com/html/kindedo-prev/kindedo/assets/img/hero/hero-3.jpg]
[codeskdhaka.com/html/kindedo-prev/kindedo/assets/img/shape/home-3-shape-1.png]
[codeskdhaka.com/html/kindedo-prev/kindedo/assets/img/shape/home-3-shape-2.png]
[codeskdhaka.com/html/kindedo-prev/kindedo/assets/img/shape/home-3-shape-3.png]
[codeskdhaka.com/html/kindedo-prev/kindedo/assets/img/shape/hero-3-shape-4.png]
[codeskdhaka.com/html/kindedo-prev/kindedo/assets/img/bg/bg-shape.jpg]
[codeskdhaka.com/html/kindedo-prev/kindedo/assets/img/promotion/1.png]
[codeskdhaka.com/html/kindedo-prev/kindedo/assets/img/shape/tripple-line.png]
[codeskdhaka.com/html/kindedo-prev/kindedo/assets/img/program/home-program-1.jpg]
[codeskdhaka.com/html/kindedo-prev/kindedo/assets/img/program/home-program-2.jpg]
[codeskdhaka.com/html/kindedo-prev/kindedo/assets/img/program/home-program-3.jpg]
[codeskdhaka.com/html/kindedo-prev/kindedo/assets/img/faq/1.jpg]
[codeskdhaka.com/html/kindedo-prev/kindedo/assets/img/bg/joining-area.png]
[codeskdhaka.com/html/kindedo-prev/kindedo/assets/img/shape/white-curved-line.png]
[codeskdhaka.com/html/kindedo-prev/kindedo/assets/img/teacher/5.jpg]
[codeskdhaka.com/html/kindedo-prev/kindedo/assets/img/teacher/3.jpg]
[codeskdhaka.com/html/kindedo-prev/kindedo/assets/img/teacher/7.jpg]
[codeskdhaka.com/html/kindedo-prev/kindedo/assets/img/teacher/2.jpg]
[codeskdhaka.com/html/kindedo-prev/kindedo/assets/img/bg/testimonail-bg.png]
[codeskdhaka.com/html/kindedo-prev/kindedo/assets/img/testimonials/1.png]
[codeskdhaka.com/html/kindedo-prev/kindedo/assets/img/testimonials/3.png]
[codeskdhaka.com/html/kindedo-prev/kindedo/assets/img/testimonials/2.png]
[codeskdhaka.com/html/kindedo-prev/kindedo/assets/img/blog/2.jpg]
[codeskdhaka.com/html/kindedo-prev/kindedo/assets/img/blog/4.jpg]
[codeskdhaka.com/html/kindedo-prev/kindedo/assets/img/blog/3.jpg]
[codeskdhaka.com/html/kindedo-prev/kindedo/assets/img/bg/newsletter-bg.jpg]
[codeskdhaka.com/html/kindedo-prev/kindedo/assets/img/shape/wave-line.png]
[codeskdhaka.com/html/kindedo-prev/kindedo/assets/js/vendor/jquery.js]
[codeskdhaka.com/html/kindedo-prev/kindedo/assets/js/vendor/waypoints.js]
[codeskdhaka.com/html/kindedo-prev/kindedo/assets/js/bootstrap-bundle.js]
[codeskdhaka.com/html/kindedo-prev/kindedo/assets/js/meanmenu.js]
[codeskdhaka.com/html/kindedo-prev/kindedo/assets/js/swiper-bundle.js]
[codeskdhaka.com/html/kindedo-prev/kindedo/assets/js/slick.js]
[codeskdhaka.com/html/kindedo-prev/kindedo/assets/js/nouislider.js]
[codeskdhaka.com/html/kindedo-prev/kindedo/assets/js/magnific-popup.js]
[codeskdhaka.com/html/kindedo-prev/kindedo/assets/js/parallax.js]
[codeskdhaka.com/html/kindedo-prev/kindedo/assets/js/backtotop.js]
[codeskdhaka.com/html/kindedo-prev/kindedo/assets/js/nice-select.js]
[codeskdhaka.com/html/kindedo-prev/kindedo/assets/js/wow.min.js]
[codeskdhaka.com/html/kindedo-prev/kindedo/assets/js/isotope-pkgd.js]
[codeskdhaka.com/html/kindedo-prev/kindedo/assets/js/imagesloaded-pkgd.js]
[codeskdhaka.com/html/kindedo-prev/kindedo/assets/js/ajax-form.js]
[codeskdhaka.com/html/kindedo-prev/kindedo/assets/js/jquery.appear.js]
[codeskdhaka.com/html/kindedo-prev/kindedo/assets/js/jquery.odometer.min.js]
[codeskdhaka.com/html/kindedo-prev/kindedo/index.html]
[codeskdhaka.com/html/kindedo-prev/kindedo/assets/js/main.js]
[codeskdhaka.com/html/kindedo-prev/kindedo/assets/css/bootstrap.css]
[codeskdhaka.com/html/kindedo-prev/kindedo/assets/css/meanmenu.css]
[codeskdhaka.com/html/kindedo-prev/kindedo/assets/css/animate.min.css]
[codeskdhaka.com/html/kindedo-prev/kindedo/assets/css/swiper-bundle.css]
[codeskdhaka.com/html/kindedo-prev/kindedo/assets/css/slick.css]
[codeskdhaka.com/html/kindedo-prev/kindedo/assets/css/nouislider.css]
[codeskdhaka.com/html/kindedo-prev/kindedo/assets/css/backtotop.css]
[codeskdhaka.com/html/kindedo-prev/kindedo/assets/css/magnific-popup.css]
[codeskdhaka.com/html/kindedo-prev/kindedo/assets/css/nice-select.css]
[codeskdhaka.com/html/kindedo-prev/kindedo/assets/fonts/flaticon_kindedo835e.ttf]
[codeskdhaka.com/html/kindedo-prev/kindedo/assets/fonts/flaticon_kindedo835e.woff]
[codeskdhaka.com/html/kindedo-prev/kindedo/assets/fonts/flaticon_kindedo835e.woff2]
[codeskdhaka.com/html/kindedo-prev/kindedo/assets/fonts/flaticon_kindedo835e.eot]
[codeskdhaka.com/html/kindedo-prev/kindedo/assets/css/flaticon_kindedo.css]
[codeskdhaka.com/html/kindedo-prev/kindedo/assets/fonts/flaticon_kindedo835e.svg]
[codeskdhaka.com/html/kindedo-prev/kindedo/assets/fonts/fa-brands-400.woff2]
[codeskdhaka.com/html/kindedo-prev/kindedo/assets/fonts/fa-brands-400.ttf]
[codeskdhaka.com/html/kindedo-prev/kindedo/assets/fonts/fa-duotone-900.woff2]
[codeskdhaka.com/html/kindedo-prev/kindedo/assets/fonts/fa-duotone-900.ttf]
[codeskdhaka.com/html/kindedo-prev/kindedo/assets/fonts/fa-light-300.woff2]
[codeskdhaka.com/html/kindedo-prev/kindedo/assets/fonts/fa-light-300.ttf]
[codeskdhaka.com/html/kindedo-prev/kindedo/assets/fonts/fa-regular-400.woff2]
[codeskdhaka.com/html/kindedo-prev/kindedo/assets/fonts/fa-solid-900.woff2]
[codeskdhaka.com/html/kindedo-prev/kindedo/assets/fonts/fa-regular-400.ttf]
[codeskdhaka.com/html/kindedo-prev/kindedo/assets/fonts/fa-thin-100.woff2]
[codeskdhaka.com/html/kindedo-prev/kindedo/assets/fonts/fa-v4compatibility.woff2]
[codeskdhaka.com/html/kindedo-prev/kindedo/assets/fonts/fa-thin-100.ttf]
[codeskdhaka.com/html/kindedo-prev/kindedo/assets/fonts/fa-solid-900.ttf]
[codeskdhaka.com/html/kindedo-prev/kindedo/assets/css/font-awesome-pro.css]
[codeskdhaka.com/html/kindedo-prev/kindedo/assets/css/spacing.css]
[codeskdhaka.com/html/kindedo-prev/kindedo/assets/fonts/fa-v4compatibility.ttf]
[codeskdhaka.com/html/kindedo-prev/kindedo/assets/img/shape/hero-3-mask.png]
[codeskdhaka.com/html/kindedo-prev/kindedo/assets/img/shape/wave-mask.svg]
[codeskdhaka.com/html/kindedo-prev/kindedo/assets/img/shape/wave.svg]
[codeskdhaka.com/html/kindedo-prev/kindedo/assets/img/shape/wave-rotate.svg]
[codeskdhaka.com/html/kindedo-prev/kindedo/assets/img/shape/wave-white-2.svg]
[codeskdhaka.com/html/kindedo-prev/kindedo/assets/img/shape/wave-white.svg]
[codeskdhaka.com/html/kindedo-prev/kindedo/assets/css/main.css]
[codeskdhaka.com/html/kindedo-prev/kindedo/index-2.html]
[codeskdhaka.com/html/kindedo-prev/kindedo/assets/img/logo/logo.svg]
[codeskdhaka.com/html/kindedo-prev/kindedo/assets/img/hero/slider-3.jpg]
[codeskdhaka.com/html/kindedo-prev/kindedo/assets/img/hero/slider-2.jpg]
[codeskdhaka.com/html/kindedo-prev/kindedo/assets/img/hero/slider-1.jpg]
[codeskdhaka.com/html/kindedo-prev/kindedo/assets/img/promotion/2.png]
[codeskdhaka.com/html/kindedo-prev/kindedo/assets/img/bg/teacher-bg.jpg]
[codeskdhaka.com/html/kindedo-prev/kindedo/assets/img/teacher/8.jpg]
[codeskdhaka.com/html/kindedo-prev/kindedo/assets/img/teacher/6.jpg]
[codeskdhaka.com/html/kindedo-prev/kindedo/assets/img/testimonials/big-1.jpg]
[codeskdhaka.com/html/kindedo-prev/kindedo/assets/img/gallery/1.png]
[codeskdhaka.com/html/kindedo-prev/kindedo/assets/img/gallery/2.png]
[codeskdhaka.com/html/kindedo-prev/kindedo/assets/img/gallery/3.png]
[codeskdhaka.com/html/kindedo-prev/kindedo/assets/img/gallery/4.png]
[codeskdhaka.com/html/kindedo-prev/kindedo/assets/img/logo/logo-white.svg]
[codeskdhaka.com/html/kindedo-prev/kindedo/index-3.html]
[codeskdhaka.com/html/kindedo-prev/kindedo/assets/js/gsap.min.js]
[codeskdhaka.com/html/kindedo-prev/kindedo/assets/img/shape/wave-section-break.png]
[codeskdhaka.com/html/kindedo-prev/kindedo/assets/img/shape/curved-line-1.png]
[codeskdhaka.com/html/kindedo-prev/kindedo/assets/img/hero/hero-1.png]
[codeskdhaka.com/html/kindedo-prev/kindedo/assets/img/shape/curved-big.svg]
[codeskdhaka.com/html/kindedo-prev/kindedo/assets/img/shop/cat-1.png]
[codeskdhaka.com/html/kindedo-prev/kindedo/assets/img/shop/cat-2.png]
[codeskdhaka.com/html/kindedo-prev/kindedo/assets/img/shop/cat-3.png]
[codeskdhaka.com/html/kindedo-prev/kindedo/assets/img/shop/cat-4.png]
[codeskdhaka.com/html/kindedo-prev/kindedo/assets/img/shop/1.1.png]
[codeskdhaka.com/html/kindedo-prev/kindedo/assets/img/shop/1.2.png]
[codeskdhaka.com/html/kindedo-prev/kindedo/assets/img/shop/1.3.png]
[codeskdhaka.com/html/kindedo-prev/kindedo/assets/img/shop/2.1.png]
[codeskdhaka.com/html/kindedo-prev/kindedo/assets/img/shop/2.2.png]
[codeskdhaka.com/html/kindedo-prev/kindedo/assets/img/shop/2.3.png]
[codeskdhaka.com/html/kindedo-prev/kindedo/assets/img/shop/3.1.png]
[codeskdhaka.com/html/kindedo-prev/kindedo/assets/img/shop/3.2.png]
[codeskdhaka.com/html/kindedo-prev/kindedo/assets/img/shop/3.3.png]
[codeskdhaka.com/html/kindedo-prev/kindedo/assets/img/shop/4.1.png]
[codeskdhaka.com/html/kindedo-prev/kindedo/assets/img/shop/4.2.png]
[codeskdhaka.com/html/kindedo-prev/kindedo/assets/img/shop/4.3.png]
[codeskdhaka.com/html/kindedo-prev/kindedo/assets/img/shop/5.1.png]
[codeskdhaka.com/html/kindedo-prev/kindedo/assets/img/shop/5.2.png]
[codeskdhaka.com/html/kindedo-prev/kindedo/assets/img/shop/5.3.png]
[codeskdhaka.com/html/kindedo-prev/kindedo/assets/img/shop/6.1.png]
[codeskdhaka.com/html/kindedo-prev/kindedo/assets/img/shop/6.2.png]
[codeskdhaka.com/html/kindedo-prev/kindedo/assets/img/shop/6.3.png]
[codeskdhaka.com/html/kindedo-prev/kindedo/assets/img/shape/radient-path.svg]
[codeskdhaka.com/html/kindedo-prev/kindedo/assets/img/feedback/1.png]
[codeskdhaka.com/html/kindedo-prev/kindedo/assets/img/shape/blog-shape.png]
[codeskdhaka.com/html/kindedo-prev/kindedo/assets/img/shape/line-bottom-shape.png]
[codeskdhaka.com/html/kindedo-prev/kindedo/assets/img/shop/tab-1.jpg]
[codeskdhaka.com/html/kindedo-prev/kindedo/assets/img/shop/tab-2.jpg]
[codeskdhaka.com/html/kindedo-prev/kindedo/assets/img/shop/tab-3.jpg]
[codeskdhaka.com/html/kindedo-prev/kindedo/assets/img/shop/tab-4.jpg]
[codeskdhaka.com/html/kindedo-prev/kindedo/assets/img/shop/9.1.jpg]
[codeskdhaka.com/html/kindedo-prev/kindedo/assets/img/shop/8.1.jpg]
[codeskdhaka.com/html/kindedo-prev/kindedo/assets/img/shop/8.3.png]
[codeskdhaka.com/html/kindedo-prev/kindedo/index-4.html]
[codeskdhaka.com/html/kindedo-prev/kindedo/assets/css/odometer.css]
[codeskdhaka.com/html/kindedo-prev/kindedo/assets/img/bg/breadcrumb-bg.jpg]
[codeskdhaka.com/html/kindedo-prev/kindedo/about.html]
[codeskdhaka.com/html/kindedo-prev/kindedo/assets/img/program/home-program-4.jpg]
[codeskdhaka.com/html/kindedo-prev/kindedo/assets/img/program/home-program-5.jpg]
[codeskdhaka.com/html/kindedo-prev/kindedo/assets/img/promotion/3.jpg]
[codeskdhaka.com/html/kindedo-prev/kindedo/programs.html]
[codeskdhaka.com/html/kindedo-prev/kindedo/assets/img/program/author-1.png]
[codeskdhaka.com/html/kindedo-prev/kindedo/assets/img/program/details-1.jpg]
[codeskdhaka.com/html/kindedo-prev/kindedo/assets/img/program/details-2.jpg]
[codeskdhaka.com/html/kindedo-prev/kindedo/program-details.html]
[codeskdhaka.com/html/kindedo-prev/kindedo/assets/img/shop/7.1.png]
[codeskdhaka.com/html/kindedo-prev/kindedo/assets/img/shop/7.2.png]
[codeskdhaka.com/html/kindedo-prev/kindedo/assets/img/shop/7.3.png]
[codeskdhaka.com/html/kindedo-prev/kindedo/assets/img/shop/8.2.jpg]
[codeskdhaka.com/html/kindedo-prev/kindedo/assets/img/shop/9.3.jpg]
[codeskdhaka.com/html/kindedo-prev/kindedo/shop.html]
[codeskdhaka.com/html/kindedo-prev/kindedo/shop-details.html]
[codeskdhaka.com/html/kindedo-prev/kindedo/wishlist.html]
[codeskdhaka.com/html/kindedo-prev/kindedo/cart.html]
[codeskdhaka.com/html/kindedo-prev/kindedo/checkout.html]
[codeskdhaka.com/html/kindedo-prev/kindedo/assets/img/teacher/1.jpg]
[codeskdhaka.com/html/kindedo-prev/kindedo/assets/img/teacher/4.jpg]
[codeskdhaka.com/html/kindedo-prev/kindedo/teacher.html]
[codeskdhaka.com/html/kindedo-prev/kindedo/teacher-details.html]
[codeskdhaka.com/html/kindedo-prev/kindedo/time-table.html]
[codeskdhaka.com/html/kindedo-prev/kindedo/assets/img/testimonials/4.png]
[codeskdhaka.com/html/kindedo-prev/kindedo/assets/img/testimonials/5.png]
[codeskdhaka.com/html/kindedo-prev/kindedo/assets/img/testimonials/6.png]
[codeskdhaka.com/html/kindedo-prev/kindedo/testimonial.html]
[codeskdhaka.com/html/kindedo-prev/kindedo/assets/img/gallery/d1.png]
[codeskdhaka.com/html/kindedo-prev/kindedo/assets/img/gallery/d4.png]
[codeskdhaka.com/html/kindedo-prev/kindedo/assets/img/gallery/d2.png]
[codeskdhaka.com/html/kindedo-prev/kindedo/assets/img/gallery/d3.png]
[codeskdhaka.com/html/kindedo-prev/kindedo/assets/img/gallery/d5.png]
[codeskdhaka.com/html/kindedo-prev/kindedo/assets/img/gallery/d6.png]
[codeskdhaka.com/html/kindedo-prev/kindedo/assets/img/gallery/d7.png]
[codeskdhaka.com/html/kindedo-prev/kindedo/assets/img/gallery/d8.png]
[codeskdhaka.com/html/kindedo-prev/kindedo/gallery.html]
[codeskdhaka.com/html/kindedo-prev/kindedo/faq.html]
[codeskdhaka.com/html/kindedo-prev/kindedo/assets/img/class/6.jpg]
[codeskdhaka.com/html/kindedo-prev/kindedo/assets/img/teacher/small-1.png]
[codeskdhaka.com/html/kindedo-prev/kindedo/assets/img/class/5.jpg]
[codeskdhaka.com/html/kindedo-prev/kindedo/assets/img/class/4.jpg]
[codeskdhaka.com/html/kindedo-prev/kindedo/assets/img/class/3.jpg]
[codeskdhaka.com/html/kindedo-prev/kindedo/assets/img/class/1.jpg]
[codeskdhaka.com/html/kindedo-prev/kindedo/assets/img/class/2.jpg]
[codeskdhaka.com/html/kindedo-prev/kindedo/classes.html]
[codeskdhaka.com/html/kindedo-prev/kindedo/class-details.html]
[codeskdhaka.com/html/kindedo-prev/kindedo/assets/img/blog/6.jpg]
[codeskdhaka.com/html/kindedo-prev/kindedo/assets/img/blog/9.jpg]
[codeskdhaka.com/html/kindedo-prev/kindedo/assets/img/blog/1.jpg]
[codeskdhaka.com/html/kindedo-prev/kindedo/assets/img/blog/7.jpg]
[codeskdhaka.com/html/kindedo-prev/kindedo/assets/img/blog/8.jpg]
[codeskdhaka.com/html/kindedo-prev/kindedo/assets/img/blog/5.jpg]
[codeskdhaka.com/html/kindedo-prev/kindedo/news.html]
[codeskdhaka.com/html/kindedo-prev/kindedo/news-sidebar.html]
[codeskdhaka.com/html/kindedo-prev/kindedo/error-404.html]
[codeskdhaka.com/html/kindedo-prev/kindedo/news-classic.html]
[codeskdhaka.com/html/kindedo-prev/kindedo/assets/img/bg/error-404.svg]
[codeskdhaka.com/html/kindedo-prev/kindedo/assets/img/blog/video-bg.jpg]
[codeskdhaka.com/html/kindedo-prev/kindedo/assets/img/blog/comment-1.png]
[codeskdhaka.com/html/kindedo-prev/kindedo/news-details.html]
[codeskdhaka.com/html/kindedo-prev/kindedo/contact.html]
[codeskdhaka.com/html/kindedo-prev/kindedo/assets/js/vendor/jquery.js]
[codeskdhaka.com/html/kindedo-prev/kindedo/assets/js/vendor/waypoints.js]
[codeskdhaka.com/html/kindedo-prev/kindedo/assets/js/bootstrap-bundle.js]
[codeskdhaka.com/html/kindedo-prev/kindedo/assets/js/meanmenu.js]
[codeskdhaka.com/html/kindedo-prev/kindedo/e]
[codeskdhaka.com/html/kindedo-prev/kindedo/a.params.url]
[codeskdhaka.com/html/kindedo-prev/kindedo/assets/js/swiper-bundle.js]
[codeskdhaka.com/html/kindedo-prev/kindedo/assets/js/slick.js]
[codeskdhaka.com/html/kindedo-prev/kindedo/assets/js/nouislider.js]
[codeskdhaka.com/html/kindedo-prev/kindedo/assets/js/magnific-popup.js]
[codeskdhaka.com/html/kindedo-prev/kindedo/assets/js/parallax.js]
[codeskdhaka.com/html/kindedo-prev/kindedo/assets/js/backtotop.js]
[codeskdhaka.com/html/kindedo-prev/kindedo/assets/js/nice-select.js]
[codeskdhaka.com/html/kindedo-prev/kindedo/assets/js/wow.min.js]
[codeskdhaka.com/html/kindedo-prev/kindedo/assets/js/isotope-pkgd.js]
[codeskdhaka.com/html/kindedo-prev/kindedo/assets/js/imagesloaded-pkgd.js]
[codeskdhaka.com/html/kindedo-prev/kindedo/assets/js/ajax-form.js]
[codeskdhaka.com/html/kindedo-prev/kindedo/assets/js/jquery.appear.js]
[codeskdhaka.com/html/kindedo-prev/kindedo/assets/js/jquery.odometer.min.js]
[codeskdhaka.com/html/kindedo-prev/kindedo/assets/css/bootstrap.rtl.css]
[codeskdhaka.com/html/kindedo-prev/kindedo/assets/css/bootstrap.min.css]
[codeskdhaka.com/html/kindedo-prev/kindedo/assets/js/main.js]
[codeskdhaka.com/html/kindedo-prev/kindedo/assets/fonts/flaticon_kindedo835e.svg]
[codeskdhaka.com/html/kindedo-prev/kindedo/assets/fonts/fa-duotone-900.html]
[codeskdhaka.com/html/kindedo-prev/kindedo/assets/fonts/fa-duotone-901.html]
[codeskdhaka.com/html/kindedo-prev/kindedo/assets/img/shape/wave-mask.svg]
[codeskdhaka.com/html/kindedo-prev/kindedo/assets/img/shape/wave.svg]
[codeskdhaka.com/html/kindedo-prev/kindedo/assets/img/shape/wave-rotate.svg]
[codeskdhaka.com/html/kindedo-prev/kindedo/assets/img/shape/wave-white-2.svg]
[codeskdhaka.com/html/kindedo-prev/kindedo/assets/img/shape/wave-white.svg]
[codeskdhaka.com/html/kindedo-prev/kindedo/assets/img/logo/logo-white.svg]
[codeskdhaka.com/html/kindedo-prev/kindedo/assets/js/gsap.min.js]
[codeskdhaka.com/html/kindedo-prev/kindedo/assets/img/shape/curved-big.svg]
[codeskdhaka.com/html/kindedo-prev/kindedo/assets/img/shape/radient-path.svg]
[codeskdhaka.com/html/kindedo-prev/kindedo/assets/css/odometer.css]
[codeskdhaka.com/html/kindedo-prev/kindedo/assets/img/bg/error-404.svg]
[codeskdhaka.com/html/kindedo-prev/kindedo/e.html]
[codeskdhaka.com/html/kindedo-prev/kindedo/a.params.html]
[codeskdhaka.com/html/kindedo-prev/kindedo/assets/css/bootstrap.rtl.css]
[codeskdhaka.com/html/kindedo-prev/kindedo/assets/css/bootstrap.min.html]
