[html.themegenix.com/skillgro/index.html]
[backblue.gif]
[fade.gif]
[index.html]
[html.themegenix.com/skillgro/assets/img/favicon.png]
[html.themegenix.com/skillgro/assets/css/bootstrap.min.css]
[html.themegenix.com/skillgro/assets/css/animate.min.css]
[html.themegenix.com/skillgro/assets/css/magnific-popup.css]
[html.themegenix.com/skillgro/assets/css/fontawesome-all.min.css]
[html.themegenix.com/skillgro/assets/css/flaticon-skillgro.css]
[html.themegenix.com/skillgro/assets/css/flaticon-skillgro-new.css]
[html.themegenix.com/skillgro/assets/css/swiper-bundle.min.css]
[html.themegenix.com/skillgro/assets/css/default-icons.css]
[html.themegenix.com/skillgro/assets/css/select2.min.css]
[html.themegenix.com/skillgro/assets/css/odometer.css]
[html.themegenix.com/skillgro/assets/css/aos.css]
[html.themegenix.com/skillgro/assets/css/plyr.css]
[html.themegenix.com/skillgro/assets/css/spacing.css]
[html.themegenix.com/skillgro/assets/css/tg-cursor.css]
[html.themegenix.com/skillgro/assets/img/logo/preloader.svg]
[html.themegenix.com/skillgro/assets/css/main.css]
[html.themegenix.com/skillgro/assets/img/icons/map_marker.svg]
[html.themegenix.com/skillgro/assets/img/icons/envelope.svg]
[html.themegenix.com/skillgro/assets/img/icons/phone.svg]
[html.themegenix.com/skillgro/index-2.html]
[html.themegenix.com/skillgro/assets/img/logo/logo.svg]
[html.themegenix.com/skillgro/index-3.html]
[html.themegenix.com/skillgro/index-4.html]
[html.themegenix.com/skillgro/index-5.html]
[html.themegenix.com/skillgro/index-6.html]
[html.themegenix.com/skillgro/index-7.html]
[html.themegenix.com/skillgro/index-8.html]
[html.themegenix.com/skillgro/index-9.html]
[html.themegenix.com/skillgro/courses.html]
[html.themegenix.com/skillgro/assets/img/others/mega_menu_img.jpg]
[html.themegenix.com/skillgro/course-details.html]
[html.themegenix.com/skillgro/lesson.html]
[html.themegenix.com/skillgro/about-us.html]
[html.themegenix.com/skillgro/instructors.html]
[html.themegenix.com/skillgro/instructor-details.html]
[html.themegenix.com/skillgro/events.html]
[html.themegenix.com/skillgro/events-details.html]
[html.themegenix.com/skillgro/shop.html]
[html.themegenix.com/skillgro/shop-details.html]
[html.themegenix.com/skillgro/cart.html]
[html.themegenix.com/skillgro/check-out.html]
[html.themegenix.com/skillgro/blog.html]
[html.themegenix.com/skillgro/blog-2.html]
[html.themegenix.com/skillgro/blog-3.html]
[html.themegenix.com/skillgro/blog-details.html]
[html.themegenix.com/skillgro/login.html]
[html.themegenix.com/skillgro/registration.html]
[html.themegenix.com/skillgro/404.html]
[html.themegenix.com/skillgro/contact.html]
[html.themegenix.com/skillgro/instructor-dashboard.html]
[html.themegenix.com/skillgro/instructor-profile.html]
[html.themegenix.com/skillgro/instructor-enrolled-courses.html]
[html.themegenix.com/skillgro/instructor-wishlist.html]
[html.themegenix.com/skillgro/instructor-review.html]
[html.themegenix.com/skillgro/instructor-attempts.html]
[html.themegenix.com/skillgro/instructor-history.html]
[html.themegenix.com/skillgro/instructor-courses.html]
[html.themegenix.com/skillgro/instructor-announcement.html]
[html.themegenix.com/skillgro/instructor-quiz.html]
[html.themegenix.com/skillgro/instructor-assignment.html]
[html.themegenix.com/skillgro/instructor-setting.html]
[html.themegenix.com/skillgro/student-dashboard.html]
[html.themegenix.com/skillgro/student-profile.html]
[html.themegenix.com/skillgro/student-enrolled-courses.html]
[html.themegenix.com/skillgro/student-wishlist.html]
[html.themegenix.com/skillgro/student-review.html]
[html.themegenix.com/skillgro/student-attempts.html]
[html.themegenix.com/skillgro/student-history.html]
[html.themegenix.com/skillgro/student-setting.html]
[html.themegenix.com/skillgro/assets/img/icons/heart.svg]
[html.themegenix.com/skillgro/assets/img/icons/cart.svg]
[html.themegenix.com/skillgro/assets/img/icons/user.svg]
[html.themegenix.com/skillgro/assets/img/banner/banner_bg.png]
[html.themegenix.com/skillgro/assets/img/objects/title_shape.svg]
[html.themegenix.com/skillgro/assets/img/icons/right_arrow.svg]
[html.themegenix.com/skillgro/assets/img/banner/banner_img.png]
[html.themegenix.com/skillgro/assets/img/banner/banner_shape01.png]
[html.themegenix.com/skillgro/assets/img/banner/banner_shape02.png]
[html.themegenix.com/skillgro/assets/img/banner/bg_dots.svg]
[html.themegenix.com/skillgro/assets/img/banner/banner_author01.png]
[html.themegenix.com/skillgro/assets/img/banner/banner_author02.png]
[html.themegenix.com/skillgro/assets/img/banner/banner_shape02.svg]
[html.themegenix.com/skillgro/assets/img/banner/banner_shape01.svg]
[html.themegenix.com/skillgro/assets/img/brand/brand01.png]
[html.themegenix.com/skillgro/assets/img/icons/brand_star.svg]
[html.themegenix.com/skillgro/assets/img/brand/brand02.png]
[html.themegenix.com/skillgro/assets/img/brand/brand03.png]
[html.themegenix.com/skillgro/assets/img/brand/brand04.png]
[html.themegenix.com/skillgro/assets/img/brand/brand05.png]
[html.themegenix.com/skillgro/assets/img/brand/brand06.png]
[html.themegenix.com/skillgro/assets/img/brand/brand07.png]
[html.themegenix.com/skillgro/assets/img/others/about_img.png]
[html.themegenix.com/skillgro/assets/img/others/about_shape.svg]
[html.themegenix.com/skillgro/assets/img/others/student_grp.png]
[html.themegenix.com/skillgro/assets/img/bg/courses_bg.jpg]
[html.themegenix.com/skillgro/assets/img/courses/course_thumb01.jpg]
[html.themegenix.com/skillgro/course.html]
[html.themegenix.com/skillgro/assets/img/courses/course_thumb02.jpg]
[html.themegenix.com/skillgro/assets/img/courses/course_thumb03.jpg]
[html.themegenix.com/skillgro/assets/img/courses/course_thumb04.jpg]
[html.themegenix.com/skillgro/assets/img/courses/course_thumb05.jpg]
[html.themegenix.com/skillgro/assets/img/courses/course_thumb06.jpg]
[html.themegenix.com/skillgro/assets/img/others/newsletter_img.png]
[html.themegenix.com/skillgro/assets/img/others/newsletter_shape01.png]
[html.themegenix.com/skillgro/assets/img/others/newsletter_shape02.png]
[html.themegenix.com/skillgro/assets/img/others/newsletter_shape03.png]
[html.themegenix.com/skillgro/instructor-datails.html]
[html.themegenix.com/skillgro/assets/img/instructor/instructor01.png]
[html.themegenix.com/skillgro/assets/img/instructor/instructor02.png]
[html.themegenix.com/skillgro/assets/img/instructor/instructor03.png]
[html.themegenix.com/skillgro/assets/img/instructor/instructor04.png]
[html.themegenix.com/skillgro/assets/img/others/faq_img.png]
[html.themegenix.com/skillgro/assets/img/others/faq_shape01.svg]
[html.themegenix.com/skillgro/assets/img/others/faq_shape02.svg]
[html.themegenix.com/skillgro/assets/img/icons/features_icon01.svg]
[html.themegenix.com/skillgro/assets/img/icons/features_icon02.svg]
[html.themegenix.com/skillgro/assets/img/icons/features_icon03.svg]
[html.themegenix.com/skillgro/assets/img/icons/features_icon04.svg]
[html.themegenix.com/skillgro/assets/img/instructor/instructor_two01.png]
[html.themegenix.com/skillgro/assets/img/instructor/instructor_shape01.svg]
[html.themegenix.com/skillgro/assets/img/instructor/instructor_shape02.svg]
[html.themegenix.com/skillgro/assets/img/instructor/instructor_two02.png]
[html.themegenix.com/skillgro/assets/img/blog/blog_post01.jpg]
[html.themegenix.com/skillgro/assets/img/blog/blog_post02.jpg]
[html.themegenix.com/skillgro/assets/img/blog/blog_post03.jpg]
[html.themegenix.com/skillgro/assets/img/blog/blog_post04.jpg]
[html.themegenix.com/skillgro/assets/img/logo/secondary_logo.svg]
[html.themegenix.com/skillgro/assets/img/icons/twitter.svg]
[html.themegenix.com/skillgro/assets/img/icons/whatsapp.svg]
[html.themegenix.com/skillgro/assets/img/icons/instagram.svg]
[html.themegenix.com/skillgro/assets/img/icons/youtube.svg]
[html.themegenix.com/skillgro/assets/img/others/google-play.svg]
[html.themegenix.com/skillgro/assets/img/others/apple-store.svg]
[html.themegenix.com/skillgro/assets/js/vendor/jquery-3.6.0.min.js]
[html.themegenix.com/skillgro/assets/js/bootstrap.min.js]
[html.themegenix.com/skillgro/assets/js/imagesloaded.pkgd.min.js]
[html.themegenix.com/skillgro/assets/js/jquery.magnific-popup.min.js]
[html.themegenix.com/skillgro/assets/js/jquery.odometer.min.js]
[html.themegenix.com/skillgro/assets/js/jquery.appear.js]
[html.themegenix.com/skillgro/assets/js/tween-max.min.js]
[html.themegenix.com/skillgro/assets/js/select2.min.js]
[html.themegenix.com/skillgro/assets/js/swiper-bundle.min.js]
[html.themegenix.com/skillgro/assets/js/jquery.marquee.min.js]
[html.themegenix.com/skillgro/assets/js/tg-cursor.min.js]
[html.themegenix.com/skillgro/assets/js/vivus.min.js]
[html.themegenix.com/skillgro/assets/js/ajax-form.js]
[html.themegenix.com/skillgro/assets/js/svg-inject.min.js]
[html.themegenix.com/skillgro/assets/js/jquery.circleType.js]
[html.themegenix.com/skillgro/assets/js/jquery.lettering.min.js]
[html.themegenix.com/skillgro/assets/js/plyr.min.js]
[html.themegenix.com/skillgro/assets/js/wow.min.js]
[html.themegenix.com/skillgro/assets/js/aos.js]
[html.themegenix.com/skillgro/index.html]
[html.themegenix.com/skillgro/assets/css/bootstrap.min.css]
[html.themegenix.com/skillgro/assets/css/animate.min.css]
[html.themegenix.com/skillgro/assets/css/magnific-popup.css]
[html.themegenix.com/skillgro/assets/js/main.js]
[html.themegenix.com/skillgro/assets/fonts/fa-brands-400.eot]
[html.themegenix.com/skillgro/assets/fonts/fa-brands-400d41d.eot]
[html.themegenix.com/skillgro/assets/fonts/fa-brands-400.woff2]
[html.themegenix.com/skillgro/assets/fonts/fa-brands-400.woff]
[html.themegenix.com/skillgro/assets/fonts/fa-brands-400.ttf]
[html.themegenix.com/skillgro/assets/fonts/fa-brands-400.svg]
[html.themegenix.com/skillgro/assets/fonts/fa-regular-400.eot]
[html.themegenix.com/skillgro/assets/fonts/fa-regular-400d41d.eot]
[html.themegenix.com/skillgro/assets/fonts/fa-regular-400.woff2]
[html.themegenix.com/skillgro/assets/fonts/fa-regular-400.woff]
[html.themegenix.com/skillgro/assets/fonts/fa-regular-400.ttf]
[html.themegenix.com/skillgro/assets/fonts/fa-regular-400.svg]
[html.themegenix.com/skillgro/assets/fonts/fa-solid-900.eot]
[html.themegenix.com/skillgro/assets/fonts/fa-solid-900d41d.eot]
[html.themegenix.com/skillgro/assets/fonts/fa-solid-900.woff2]
[html.themegenix.com/skillgro/assets/fonts/fa-solid-900.woff]
[html.themegenix.com/skillgro/assets/fonts/fa-solid-900.ttf]
[html.themegenix.com/skillgro/assets/css/fontawesome-all.min.css]
[html.themegenix.com/skillgro/assets/fonts/fa-solid-900.svg]
[html.themegenix.com/skillgro/assets/fonts/flaticon_skill_grow533a.ttf]
[html.themegenix.com/skillgro/assets/fonts/flaticon_skill_grow533a.woff]
[html.themegenix.com/skillgro/assets/fonts/flaticon_skill_grow533a.woff2]
[html.themegenix.com/skillgro/assets/css/flaticon-skillgro.css]
[html.themegenix.com/skillgro/assets/fonts/skillgro-icon/flaticon_skillgro9f3c.woff2]
[html.themegenix.com/skillgro/assets/fonts/skillgro-icon/flaticon_skillgro9f3c.woff]
[html.themegenix.com/skillgro/assets/skillgro-icon/flaticon_skillgro9f3c.ttf]
[html.themegenix.com/skillgro/assets/css/flaticon-skillgro-new.css]
[html.themegenix.com/skillgro/assets/css/swiper-bundle.min.css]
[html.themegenix.com/skillgro/assets/fonts/flat-icon/flaticon_tg_defaultbada.ttf]
[html.themegenix.com/skillgro/assets/fonts/flat-icon/flaticon_tg_defaultbada.woff]
[html.themegenix.com/skillgro/assets/fonts/flat-icon/flaticon_tg_defaultbada.woff2]
[html.themegenix.com/skillgro/assets/fonts/flat-icon/flaticon_tg_defaultbada.eot]
[html.themegenix.com/skillgro/assets/css/default-icons.css]
[html.themegenix.com/skillgro/assets/css/select2.min.css]
[html.themegenix.com/skillgro/assets/css/odometer.css]
[html.themegenix.com/skillgro/assets/fonts/flat-icon/flaticon_tg_defaultbada.svg]
[html.themegenix.com/skillgro/assets/css/aos.css]
[html.themegenix.com/skillgro/assets/css/plyr.css]
[html.themegenix.com/skillgro/assets/css/spacing.css]
[html.themegenix.com/skillgro/assets/css/tg-cursor.css]
[html.themegenix.com/skillgro/assets/img/icons/down_arrow.svg]
[html.themegenix.com/skillgro/assets/img/others/h5_about_mask_img01.png]
[html.themegenix.com/skillgro/assets/img/others/h5_about_mask_img02.png]
[html.themegenix.com/skillgro/assets/img/icons/play.svg]
[html.themegenix.com/skillgro/assets/img/icons/cat_star.svg]
[html.themegenix.com/skillgro/assets/img/others/h6_testimonial_mask_img.png]
[html.themegenix.com/skillgro/assets/img/icons/quote.svg]
[html.themegenix.com/skillgro/assets/img/others/h5_faq_mask_img.png]
[html.themegenix.com/skillgro/assets/css/main.css]
[html.themegenix.com/skillgro/assets/img/logo/preloader.svg]
[html.themegenix.com/skillgro/assets/img/icons/map_marker.svg]
[html.themegenix.com/skillgro/assets/img/icons/envelope.svg]
[html.themegenix.com/skillgro/assets/img/icons/phone.svg]
[html.themegenix.com/skillgro/index-2.html]
[html.themegenix.com/skillgro/assets/img/logo/logo.svg]
[html.themegenix.com/skillgro/assets/img/banner/banner_bg02.png]
[html.themegenix.com/skillgro/assets/img/banner/h2_banner_img.png]
[html.themegenix.com/skillgro/assets/img/banner/h2_banner_shape01.svg]
[html.themegenix.com/skillgro/assets/img/banner/h2_banner_shape02.svg]
[html.themegenix.com/skillgro/assets/img/banner/h2_banner_icon.svg]
[html.themegenix.com/skillgro/assets/img/banner/h2_banner_shape03.svg]
[html.themegenix.com/skillgro/assets/img/icons/h2_features_icon01.svg]
[html.themegenix.com/skillgro/assets/img/others/features_item_shape.svg]
[html.themegenix.com/skillgro/assets/img/icons/h2_features_icon02.svg]
[html.themegenix.com/skillgro/assets/img/icons/h2_features_icon03.svg]
[html.themegenix.com/skillgro/assets/img/courses/course_author001.png]
[html.themegenix.com/skillgro/assets/img/courses/course_author002.png]
[html.themegenix.com/skillgro/assets/img/courses/course_author003.png]
[html.themegenix.com/skillgro/assets/img/courses/course_author004.png]
[html.themegenix.com/skillgro/assets/img/others/fact_img.png]
[html.themegenix.com/skillgro/assets/img/others/fact_shape01.svg]
[html.themegenix.com/skillgro/assets/img/others/fact_shape02.svg]
[html.themegenix.com/skillgro/assets/img/bg/instructor_bg.jpg]
[html.themegenix.com/skillgro/assets/img/instructor/h2_instructor01.png]
[html.themegenix.com/skillgro/assets/img/instructor/h2_instructor_img_shape01.svg]
[html.themegenix.com/skillgro/assets/img/instructor/h2_instructor02.png]
[html.themegenix.com/skillgro/assets/img/instructor/h2_instructor03.png]
[html.themegenix.com/skillgro/assets/img/instructor/h2_instructor04.png]
[html.themegenix.com/skillgro/assets/img/instructor/h2_instructor05.png]
[html.themegenix.com/skillgro/assets/img/instructor/instructor_nav01.png]
[html.themegenix.com/skillgro/assets/img/instructor/instructor_nav02.png]
[html.themegenix.com/skillgro/assets/img/instructor/instructor_nav03.png]
[html.themegenix.com/skillgro/assets/img/instructor/instructor_nav04.png]
[html.themegenix.com/skillgro/assets/img/instructor/h2_instructor_shape.png]
[html.themegenix.com/skillgro/assets/img/events/event_thumb01.jpg]
[html.themegenix.com/skillgro/assets/img/events/event_thumb02.jpg]
[html.themegenix.com/skillgro/assets/img/events/event_thumb03.jpg]
[html.themegenix.com/skillgro/assets/img/events/event_shape.png]
[html.themegenix.com/skillgro/index-3.html]
[html.themegenix.com/skillgro/assets/img/banner/h3_hero_bg.jpg]
[html.themegenix.com/skillgro/assets/img/banner/h3_hero_shape01.svg]
[html.themegenix.com/skillgro/assets/img/banner/h3_hero_img.png]
[html.themegenix.com/skillgro/assets/img/banner/h3_hero_img02.svg]
[html.themegenix.com/skillgro/assets/img/banner/h3_hero_shape02.svg]
[html.themegenix.com/skillgro/assets/img/banner/h3_hero_shape03.svg]
[html.themegenix.com/skillgro/assets/img/icons/h3_features_icon01.svg]
[html.themegenix.com/skillgro/assets/img/icons/h3_features_icon02.svg]
[html.themegenix.com/skillgro/assets/img/icons/h3_features_icon03.svg]
[html.themegenix.com/skillgro/assets/img/icons/h3_features_icon04.svg]
[html.themegenix.com/skillgro/assets/img/others/h3_about_img.jpg]
[html.themegenix.com/skillgro/assets/img/others/h3_about_shape01.svg]
[html.themegenix.com/skillgro/assets/img/others/h3_about_shape02.svg]
[html.themegenix.com/skillgro/assets/img/others/h3_about_shape03.svg]
[html.themegenix.com/skillgro/assets/img/bg/h3_courses_bg.jpg]
[html.themegenix.com/skillgro/assets/img/courses/h3_course_thumb01.jpg]
[html.themegenix.com/skillgro/assets/img/icons/heart02.svg]
[html.themegenix.com/skillgro/assets/img/courses/h3_course_thumb02.jpg]
[html.themegenix.com/skillgro/assets/img/courses/h3_course_thumb03.jpg]
[html.themegenix.com/skillgro/assets/img/courses/h3_course_thumb04.jpg]
[html.themegenix.com/skillgro/assets/img/courses/h3_course_shape01.svg]
[html.themegenix.com/skillgro/assets/img/courses/h3_course_shape02.svg]
[html.themegenix.com/skillgro/assets/img/courses/h3_course_shape03.svg]
[html.themegenix.com/skillgro/assets/img/others/choose_img.jpg]
[html.themegenix.com/skillgro/assets/img/others/choose_shape03.svg]
[html.themegenix.com/skillgro/assets/img/others/choose_shape01.svg]
[html.themegenix.com/skillgro/assets/img/events/h3_event_thumb01.jpg]
[html.themegenix.com/skillgro/assets/img/events/h3_event_thumb02.jpg]
[html.themegenix.com/skillgro/assets/img/events/h3_event_thumb03.jpg]
[html.themegenix.com/skillgro/assets/img/events/h3_event_shape01.svg]
[html.themegenix.com/skillgro/assets/img/events/h3_event_shape02.svg]
[html.themegenix.com/skillgro/assets/img/bg/fact_bg.jpg]
[html.themegenix.com/skillgro/assets/img/others/h3_fact_shape01.svg]
[html.themegenix.com/skillgro/assets/img/others/h3_fact_shape02.svg]
[html.themegenix.com/skillgro/assets/img/bg/cta_bg.jpg]
[html.themegenix.com/skillgro/assets/img/bg/testimonials_bg.jpg]
[html.themegenix.com/skillgro/assets/img/others/testi_author01.png]
[html.themegenix.com/skillgro/assets/img/others/testi_author02.png]
[html.themegenix.com/skillgro/assets/img/others/testi_author03.png]
[html.themegenix.com/skillgro/assets/img/bg/h3_blog_bg.jpg]
[html.themegenix.com/skillgro/index-4.html]
[html.themegenix.com/skillgro/assets/img/icons/offCanvas_icon.svg]
[html.themegenix.com/skillgro/assets/img/banner/h4_hero_bg.jpg]
[html.themegenix.com/skillgro/assets/img/banner/h4_hero_img.png]
[html.themegenix.com/skillgro/assets/img/banner/h4_hero_img_shape02.svg]
[html.themegenix.com/skillgro/assets/img/banner/h4_hero_shape01.svg]
[html.themegenix.com/skillgro/assets/img/banner/h4_hero_shape02.svg]
[html.themegenix.com/skillgro/assets/img/banner/h4_hero_shape03.svg]
[html.themegenix.com/skillgro/assets/img/bg/features_bg.jpg]
[html.themegenix.com/skillgro/assets/img/icons/h4_features_icon01.svg]
[html.themegenix.com/skillgro/assets/img/icons/h4_features_icon02.svg]
[html.themegenix.com/skillgro/assets/img/icons/h4_features_icon03.svg]
[html.themegenix.com/skillgro/assets/img/others/h4_features_shape01.svg]
[html.themegenix.com/skillgro/assets/img/others/h4_features_shape02.svg]
[html.themegenix.com/skillgro/assets/img/bg/h4_choose_bg.jpg]
[html.themegenix.com/skillgro/assets/img/others/h4_choose_img.jpg]
[html.themegenix.com/skillgro/assets/img/icons/circle_icon.svg]
[html.themegenix.com/skillgro/assets/img/icons/choose_icon.svg]
[html.themegenix.com/skillgro/assets/img/others/h4_choose_img02.jpg]
[html.themegenix.com/skillgro/assets/img/others/h4_choose_shape.svg]
[html.themegenix.com/skillgro/assets/img/bg/h4_courses_bg.jpg]
[html.themegenix.com/skillgro/assets/img/courses/h4_course_thumb01.jpg]
[html.themegenix.com/skillgro/assets/img/courses/h4_course_thumb02.jpg]
[html.themegenix.com/skillgro/assets/img/courses/h4_course_thumb03.jpg]
[html.themegenix.com/skillgro/assets/img/courses/h4_course_thumb04.jpg]
[html.themegenix.com/skillgro/assets/img/courses/h4_course_shape.svg]
[html.themegenix.com/skillgro/assets/img/bg/h4_video_bg.jpg]
[html.themegenix.com/skillgro/assets/img/instructor/h4_instructor01.jpg]
[html.themegenix.com/skillgro/assets/img/instructor/h4_instructor02.jpg]
[html.themegenix.com/skillgro/assets/img/instructor/h4_instructor03.jpg]
[html.themegenix.com/skillgro/assets/img/instructor/h4_instructor04.jpg]
[html.themegenix.com/skillgro/assets/img/events/h4_event_thumb01.jpg]
[html.themegenix.com/skillgro/assets/img/events/h4_event_thumb02.jpg]
[html.themegenix.com/skillgro/assets/img/events/h4_event_thumb03.jpg]
[html.themegenix.com/skillgro/assets/img/events/h4_event_shape.svg]
[html.themegenix.com/skillgro/assets/img/bg/h4_testimonial_bg.jpg]
[html.themegenix.com/skillgro/assets/img/others/testimonial_img.jpg]
[html.themegenix.com/skillgro/assets/img/others/testimonial_img_shape.svg]
[html.themegenix.com/skillgro/assets/img/icons/testi_icon.svg]
[html.themegenix.com/skillgro/assets/img/others/h4_testimonial_shape.svg]
[html.themegenix.com/skillgro/assets/img/blog/h4_blog_post01.jpg]
[html.themegenix.com/skillgro/assets/img/blog/h4_blog_post02.jpg]
[html.themegenix.com/skillgro/assets/img/blog/h4_blog_post03.jpg]
[html.themegenix.com/skillgro/assets/img/blog/h4_blog_shape.svg]
[html.themegenix.com/skillgro/assets/img/bg/h4_cta_bg.jpg]
[html.themegenix.com/skillgro/assets/img/others/h4_cta_img.png]
[html.themegenix.com/skillgro/assets/img/others/h4_cta_shape.svg]
[html.themegenix.com/skillgro/assets/img/others/h4_cta_shape02.svg]
[html.themegenix.com/skillgro/index-5.html]
[html.themegenix.com/skillgro/assets/img/banner/h5_hero_bg.jpg]
[html.themegenix.com/skillgro/assets/img/banner/h5_hero_bg_shape.svg]
[html.themegenix.com/skillgro/assets/img/banner/h5_hero_img.png]
[html.themegenix.com/skillgro/assets/img/banner/h5_hero_shape04.svg]
[html.themegenix.com/skillgro/assets/img/banner/h5_hero_shape05.svg]
[html.themegenix.com/skillgro/assets/img/banner/h5_hero_shape06.svg]
[html.themegenix.com/skillgro/assets/img/banner/h5_hero_shape01.svg]
[html.themegenix.com/skillgro/assets/img/banner/h5_hero_shape02.svg]
[html.themegenix.com/skillgro/assets/img/banner/h5_hero_shape03.svg]
[html.themegenix.com/skillgro/assets/img/others/h5_features_item_shape.svg]
[html.themegenix.com/skillgro/assets/img/others/h5_features_item_shape02.svg]
[html.themegenix.com/skillgro/assets/img/icons/h5_features_icon.svg]
[html.themegenix.com/skillgro/assets/img/others/h5_features_shape01.svg]
[html.themegenix.com/skillgro/assets/img/others/h5_features_shape02.svg]
[html.themegenix.com/skillgro/assets/img/others/h5_about_img01.jpg]
[html.themegenix.com/skillgro/assets/img/others/h5_about_img02.jpg]
[html.themegenix.com/skillgro/assets/img/others/h5_about_img_shape03.svg]
[html.themegenix.com/skillgro/assets/img/others/h5_about_shape02.png]
[html.themegenix.com/skillgro/assets/img/others/h5_about_shape01.png]
[html.themegenix.com/skillgro/assets/img/bg/h5_courses_bg.jpg]
[html.themegenix.com/skillgro/assets/img/courses/h5_courses_bg_shape01.svg]
[html.themegenix.com/skillgro/assets/img/courses/h5_courses_bg_shape02.svg]
[html.themegenix.com/skillgro/assets/img/courses/h5_course_thumb01.jpg]
[html.themegenix.com/skillgro/assets/img/courses/h5_course_thumb02.jpg]
[html.themegenix.com/skillgro/assets/img/courses/h5_course_thumb03.jpg]
[html.themegenix.com/skillgro/assets/img/courses/h5_course_thumb04.jpg]
[html.themegenix.com/skillgro/assets/img/courses/h5_courses_shape01.svg]
[html.themegenix.com/skillgro/assets/img/courses/h5_courses_shape02.svg]
[html.themegenix.com/skillgro/assets/img/courses/h5_courses_shape03.svg]
[html.themegenix.com/skillgro/assets/img/courses/h5_courses_shape04.svg]
[html.themegenix.com/skillgro/assets/img/others/h5_faq_img.jpg]
[html.themegenix.com/skillgro/assets/img/others/h5_faq_img_shape.svg]
[html.themegenix.com/skillgro/assets/img/others/h5_faq_shape02.svg]
[html.themegenix.com/skillgro/assets/img/others/h5_faq_shape03.svg]
[html.themegenix.com/skillgro/assets/img/others/h5_faq_shape01.svg]
[html.themegenix.com/skillgro/assets/img/instructor/h5_instructor01.jpg]
[html.themegenix.com/skillgro/assets/img/instructor/h5_instructor02.jpg]
[html.themegenix.com/skillgro/assets/img/instructor/h5_instructor03.jpg]
[html.themegenix.com/skillgro/assets/img/instructor/h5_instructor04.jpg]
[html.themegenix.com/skillgro/assets/img/instructor/h5_instructor_img_shape01.svg]
[html.themegenix.com/skillgro/assets/img/instructor/h5_instructor_img_shape02.svg]
[html.themegenix.com/skillgro/assets/img/others/h5_testimonial_bg_shape01.svg]
[html.themegenix.com/skillgro/assets/img/others/h5_testimonial_bg_shape02.svg]
[html.themegenix.com/skillgro/assets/img/others/h5_testimonial_img.png]
[html.themegenix.com/skillgro/assets/img/others/h5_testimonial_shape01.svg]
[html.themegenix.com/skillgro/assets/img/others/h5_testimonial_shape02.svg]
[html.themegenix.com/skillgro/assets/img/others/h5_testimonial_shape03.svg]
[html.themegenix.com/skillgro/assets/img/others/h5_testimonial_shape04.svg]
[html.themegenix.com/skillgro/assets/img/others/h5_testimonial_shape05.svg]
[html.themegenix.com/skillgro/assets/img/blog/h5_blog_post01.jpg]
[html.themegenix.com/skillgro/assets/img/blog/h5_blog_post02.jpg]
[html.themegenix.com/skillgro/assets/img/blog/h5_blog_post03.jpg]
[html.themegenix.com/skillgro/assets/img/blog/h5_blog_shape01.svg]
[html.themegenix.com/skillgro/assets/img/blog/h5_blog_shape02.svg]
[html.themegenix.com/skillgro/assets/img/bg/h5_footer.jpg]
[html.themegenix.com/skillgro/assets/img/others/h5_footer_bg_shape.svg]
[html.themegenix.com/skillgro/assets/img/others/h5_footer_shape01.svg]
[html.themegenix.com/skillgro/assets/img/others/h5_footer_shape02.svg]
[html.themegenix.com/skillgro/assets/img/others/h5_footer_shape03.svg]
[html.themegenix.com/skillgro/assets/img/others/h5_footer_shape04.svg]
[html.themegenix.com/skillgro/assets/img/others/h5_footer_shape05.svg]
[html.themegenix.com/skillgro/index-6.html]
[html.themegenix.com/skillgro/assets/img/banner/h6_hero_bg.jpg]
[html.themegenix.com/skillgro/assets/img/banner/h6_hero_img.jpg]
[html.themegenix.com/skillgro/assets/img/banner/h6_banner_img_shape03.svg]
[html.themegenix.com/skillgro/assets/img/banner/h6_banner_img_shape01.svg]
[html.themegenix.com/skillgro/assets/img/banner/h6_banner_img_shape02.svg]
[html.themegenix.com/skillgro/assets/img/flags/flag_01.svg]
[html.themegenix.com/skillgro/assets/img/flags/flag_02.svg]
[html.themegenix.com/skillgro/assets/img/flags/flag_03.svg]
[html.themegenix.com/skillgro/assets/img/flags/flag_04.svg]
[html.themegenix.com/skillgro/assets/img/flags/flag_05.svg]
[html.themegenix.com/skillgro/assets/img/flags/flag_06.svg]
[html.themegenix.com/skillgro/assets/img/flags/flag_07.svg]
[html.themegenix.com/skillgro/assets/img/flags/flag_08.svg]
[html.themegenix.com/skillgro/assets/img/others/h6_choose_img.jpg]
[html.themegenix.com/skillgro/assets/img/bg/h6_courses_bg.jpg]
[html.themegenix.com/skillgro/assets/img/courses/h6_course_thumb01.jpg]
[html.themegenix.com/skillgro/assets/img/icons/graph.svg]
[html.themegenix.com/skillgro/assets/img/courses/h6_course_thumb02.jpg]
[html.themegenix.com/skillgro/assets/img/courses/h6_course_thumb03.jpg]
[html.themegenix.com/skillgro/assets/img/courses/h6_course_thumb04.jpg]
[html.themegenix.com/skillgro/assets/img/others/h6_faq_img01.jpg]
[html.themegenix.com/skillgro/assets/img/others/h6_faq_img02.jpg]
[html.themegenix.com/skillgro/assets/img/others/h6_faq_shape01.svg]
[html.themegenix.com/skillgro/assets/img/others/h6_faq_shape02.svg]
[html.themegenix.com/skillgro/assets/img/others/h6_faq_shape03.svg]
[html.themegenix.com/skillgro/assets/img/others/h6_testimonial_img.jpg]
[html.themegenix.com/skillgro/assets/img/icons/quote02.svg]
[html.themegenix.com/skillgro/assets/img/others/h6_testimonial_shape.svg]
[html.themegenix.com/skillgro/assets/img/blog/h6_blog_post01.jpg]
[html.themegenix.com/skillgro/assets/img/blog/h6_blog_post02.jpg]
[html.themegenix.com/skillgro/assets/img/blog/h6_blog_post03.jpg]
[html.themegenix.com/skillgro/index-7.html]
[html.themegenix.com/skillgro/assets/img/courses/h7_course_thumb01.jpg]
[html.themegenix.com/skillgro/assets/img/courses/h7_course_thumb02.jpg]
[html.themegenix.com/skillgro/assets/img/courses/h7_course_thumb03.jpg]
[html.themegenix.com/skillgro/assets/img/courses/h7_course_thumb04.jpg]
[html.themegenix.com/skillgro/assets/img/courses/h7_course_thumb05.jpg]
[html.themegenix.com/skillgro/assets/img/courses/h7_course_thumb06.jpg]
[html.themegenix.com/skillgro/assets/img/courses/h7_course_thumb07.jpg]
[html.themegenix.com/skillgro/assets/img/courses/h7_course_thumb08.jpg]
[html.themegenix.com/skillgro/assets/img/bg/h7_cta_bg.jpg]
[html.themegenix.com/skillgro/assets/img/others/h7_cta_img.png]
[html.themegenix.com/skillgro/assets/img/others/h7_cta_shape.svg]
[html.themegenix.com/skillgro/assets/img/others/h7_choose_img01.jpg]
[html.themegenix.com/skillgro/assets/img/others/h7_choose_img02.jpg]
[html.themegenix.com/skillgro/assets/img/others/h7_choose_img03.jpg]
[html.themegenix.com/skillgro/assets/img/others/h7_choose_shape01.svg]
[html.themegenix.com/skillgro/assets/img/others/h7_choose_shape02.svg]
[html.themegenix.com/skillgro/assets/img/others/h7_choose_shape03.svg]
[html.themegenix.com/skillgro/assets/img/bg/categories_bg.jpg]
[html.themegenix.com/skillgro/assets/img/others/h7_categories_shape01.svg]
[html.themegenix.com/skillgro/assets/img/others/h7_categories_shape02.svg]
[html.themegenix.com/skillgro/assets/img/others/h7_categories_shape03.svg]
[html.themegenix.com/skillgro/assets/img/others/h7_categories_shape04.svg]
[html.themegenix.com/skillgro/assets/img/others/h7_testimonial_img.png]
[html.themegenix.com/skillgro/assets/img/others/h7_testimonial_img_shape.svg]
[html.themegenix.com/skillgro/assets/img/brand/h7_brand01.png]
[html.themegenix.com/skillgro/assets/img/brand/h7_brand02.png]
[html.themegenix.com/skillgro/assets/img/brand/h7_brand03.png]
[html.themegenix.com/skillgro/assets/img/brand/h7_brand04.png]
[html.themegenix.com/skillgro/assets/img/brand/h7_brand05.png]
[html.themegenix.com/skillgro/assets/img/brand/h7_brand06.png]
[html.themegenix.com/skillgro/assets/img/others/h7_newsletter_shape01.svg]
[html.themegenix.com/skillgro/assets/img/others/h7_newsletter_shape02.svg]
[html.themegenix.com/skillgro/index-8.html]
[html.themegenix.com/skillgro/assets/img/banner/h8_hero_bg.jpg]
[html.themegenix.com/skillgro/assets/img/brand/h8_brand01.png]
[html.themegenix.com/skillgro/assets/img/brand/h8_brand02.png]
[html.themegenix.com/skillgro/assets/img/brand/h8_brand03.png]
[html.themegenix.com/skillgro/assets/img/brand/h8_brand04.png]
[html.themegenix.com/skillgro/assets/img/brand/h8_brand05.png]
[html.themegenix.com/skillgro/assets/img/banner/h8_hero_img.png]
[html.themegenix.com/skillgro/assets/img/courses/h8_course_thumb01.jpg]
[html.themegenix.com/skillgro/assets/img/banner/h8_hero_img_shape.svg]
[html.themegenix.com/skillgro/assets/img/courses/h8_course_thumb02.jpg]
[html.themegenix.com/skillgro/assets/img/courses/h8_course_thumb03.jpg]
[html.themegenix.com/skillgro/assets/img/courses/h8_course_thumb04.jpg]
[html.themegenix.com/skillgro/assets/img/courses/h8_course_thumb05.jpg]
[html.themegenix.com/skillgro/assets/img/courses/h8_course_thumb06.jpg]
[html.themegenix.com/skillgro/assets/img/courses/h8_course_thumb07.jpg]
[html.themegenix.com/skillgro/assets/img/courses/h8_course_thumb08.jpg]
[html.themegenix.com/skillgro/assets/img/courses/h8_course_shape01.svg]
[html.themegenix.com/skillgro/assets/img/courses/h8_course_shape02.svg]
[html.themegenix.com/skillgro/assets/img/bg/h8_about_bg.jpg]
[html.themegenix.com/skillgro/assets/img/others/h8_about_img01.jpg]
[html.themegenix.com/skillgro/assets/img/others/h8_about_img02.jpg]
[html.themegenix.com/skillgro/assets/img/others/h8_about_img_shape.svg]
[html.themegenix.com/skillgro/assets/img/others/h8_about_shape01.svg]
[html.themegenix.com/skillgro/assets/img/others/h8_about_shape02.svg]
[html.themegenix.com/skillgro/assets/img/others/h8_cta_img.png]
[html.themegenix.com/skillgro/assets/img/others/h8_cta_img_shape.svg]
[html.themegenix.com/skillgro/assets/img/others/h8_cta_shape.svg]
[html.themegenix.com/skillgro/assets/img/categories/cat_img01.jpg]
[html.themegenix.com/skillgro/assets/img/categories/cat_img02.jpg]
[html.themegenix.com/skillgro/assets/img/categories/cat_img03.jpg]
[html.themegenix.com/skillgro/assets/img/categories/cat_img04.jpg]
[html.themegenix.com/skillgro/assets/img/categories/cat_img05.jpg]
[html.themegenix.com/skillgro/assets/img/categories/cat_img06.jpg]
[html.themegenix.com/skillgro/assets/img/categories/cat_img07.jpg]
[html.themegenix.com/skillgro/assets/img/categories/cat_img08.jpg]
[html.themegenix.com/skillgro/assets/img/categories/cat_shape01.svg]
[html.themegenix.com/skillgro/assets/img/categories/cat_shape02.svg]
[html.themegenix.com/skillgro/assets/img/bg/h8_testimonial_bg.jpg]
[html.themegenix.com/skillgro/assets/img/others/h8_testimonial_shape01.svg]
[html.themegenix.com/skillgro/assets/img/others/h8_testimonial_shape02.svg]
[html.themegenix.com/skillgro/assets/img/blog/h8_blog_post01.jpg]
[html.themegenix.com/skillgro/assets/img/blog/h8_blog_post02.jpg]
[html.themegenix.com/skillgro/assets/img/blog/h8_blog_post03.jpg]
[html.themegenix.com/skillgro/assets/img/blog/h8_blog_shape01.svg]
[html.themegenix.com/skillgro/assets/img/blog/h8_blog_shape02.svg]
[html.themegenix.com/skillgro/index-9.html]
[html.themegenix.com/skillgro/assets/img/others/h8_footer_shape.svg]
[html.themegenix.com/skillgro/assets/img/bg/breadcrumb_bg.jpg]
[html.themegenix.com/skillgro/assets/img/others/breadcrumb_shape01.svg]
[html.themegenix.com/skillgro/assets/img/others/breadcrumb_shape02.svg]
[html.themegenix.com/skillgro/assets/img/others/breadcrumb_shape03.svg]
[html.themegenix.com/skillgro/assets/img/others/breadcrumb_shape04.svg]
[html.themegenix.com/skillgro/assets/img/others/breadcrumb_shape05.svg]
[html.themegenix.com/skillgro/assets/img/courses/course_thumb07.jpg]
[html.themegenix.com/skillgro/assets/img/courses/course_thumb08.jpg]
[html.themegenix.com/skillgro/assets/img/courses/course_thumb09.jpg]
[html.themegenix.com/skillgro/assets/img/courses/course_thumb10.jpg]
[html.themegenix.com/skillgro/assets/img/courses/course_thumb11.jpg]
[html.themegenix.com/skillgro/assets/img/courses/course_thumb12.jpg]
[html.themegenix.com/skillgro/courses.html]
[html.themegenix.com/skillgro/assets/img/courses/courses_details.jpg]
[html.themegenix.com/skillgro/assets/img/icons/lock.svg]
[html.themegenix.com/skillgro/assets/img/courses/course_instructors.png]
[html.themegenix.com/skillgro/assets/img/courses/review-author.png]
[html.themegenix.com/skillgro/assets/img/icons/course_icon01.svg]
[html.themegenix.com/skillgro/assets/img/icons/course_icon02.svg]
[html.themegenix.com/skillgro/assets/img/icons/course_icon03.svg]
[html.themegenix.com/skillgro/assets/img/icons/course_icon04.svg]
[html.themegenix.com/skillgro/assets/img/icons/course_icon05.svg]
[html.themegenix.com/skillgro/assets/img/icons/course_icon06.svg]
[html.themegenix.com/skillgro/assets/img/others/payment.png]
[html.themegenix.com/skillgro/course-details.html]
[html.themegenix.com/skillgro/assets/video/video.mp4]
[html.themegenix.com/skillgro/lesson.html]
[html.themegenix.com/skillgro/assets/img/others/inner_about_img.png]
[html.themegenix.com/skillgro/assets/img/others/inner_about_shape.svg]
[html.themegenix.com/skillgro/about-us.html]
[html.themegenix.com/skillgro/assets/img/instructor/instructor05.png]
[html.themegenix.com/skillgro/assets/img/instructor/instructor06.png]
[html.themegenix.com/skillgro/assets/img/instructor/instructor07.png]
[html.themegenix.com/skillgro/assets/img/instructor/instructor08.png]
[html.themegenix.com/skillgro/assets/img/instructor/instructor09.png]
[html.themegenix.com/skillgro/instructors.html]
[html.themegenix.com/skillgro/assets/img/instructor/instructor_details_thumb.png]
[html.themegenix.com/skillgro/instructor-details.html]
[html.themegenix.com/skillgro/assets/img/events/event_thumb04.jpg]
[html.themegenix.com/skillgro/assets/img/events/event_thumb05.jpg]
[html.themegenix.com/skillgro/assets/img/events/event_thumb06.jpg]
[html.themegenix.com/skillgro/assets/img/events/event_thumb07.jpg]
[html.themegenix.com/skillgro/assets/img/events/event_thumb08.jpg]
[html.themegenix.com/skillgro/events.html]
[html.themegenix.com/skillgro/assets/img/events/event_details_img.jpg]
[html.themegenix.com/skillgro/assets/img/events/event_details_img02.jpg]
[html.themegenix.com/skillgro/assets/img/icons/calendar.svg]
[html.themegenix.com/skillgro/events-details.html]
[html.themegenix.com/skillgro/assets/img/shop/shop_img01.jpg]
[html.themegenix.com/skillgro/assets/img/shop/shop_img02.jpg]
[html.themegenix.com/skillgro/assets/img/shop/shop_img03.jpg]
[html.themegenix.com/skillgro/assets/img/shop/shop_img04.jpg]
[html.themegenix.com/skillgro/assets/img/shop/shop_img05.jpg]
[html.themegenix.com/skillgro/assets/img/shop/shop_img06.jpg]
[html.themegenix.com/skillgro/assets/img/shop/shop_img07.jpg]
[html.themegenix.com/skillgro/assets/img/shop/shop_img08.jpg]
[html.themegenix.com/skillgro/assets/img/shop/shop_img09.jpg]
[html.themegenix.com/skillgro/shop.html]
[html.themegenix.com/skillgro/shop-details.html]
[html.themegenix.com/skillgro/cart.html]
[html.themegenix.com/skillgro/check-out.html]
[html.themegenix.com/skillgro/assets/img/blog/blog_post05.jpg]
[html.themegenix.com/skillgro/assets/img/blog/blog_post06.jpg]
[html.themegenix.com/skillgro/assets/img/blog/blog_post07.jpg]
[html.themegenix.com/skillgro/assets/img/blog/blog_post08.jpg]
[html.themegenix.com/skillgro/assets/img/blog/blog_post09.jpg]
[html.themegenix.com/skillgro/assets/img/blog/blog_post10.jpg]
[html.themegenix.com/skillgro/assets/img/blog/blog_post11.jpg]
[html.themegenix.com/skillgro/assets/img/blog/blog_post12.jpg]
[html.themegenix.com/skillgro/assets/img/blog/latest_post01.jpg]
[html.themegenix.com/skillgro/assets/img/blog/latest_post02.jpg]
[html.themegenix.com/skillgro/assets/img/blog/latest_post03.jpg]
[html.themegenix.com/skillgro/assets/img/blog/latest_post04.jpg]
[html.themegenix.com/skillgro/blog.html]
[html.themegenix.com/skillgro/blog-2.html]
[html.themegenix.com/skillgro/blog-3.html]
[html.themegenix.com/skillgro/assets/img/blog/blog_details.jpg]
[html.themegenix.com/skillgro/assets/img/blog/author.png]
[html.themegenix.com/skillgro/assets/img/blog/comment01.png]
[html.themegenix.com/skillgro/assets/img/blog/comment02.png]
[html.themegenix.com/skillgro/blog-details.html]
[html.themegenix.com/skillgro/assets/img/icons/google.svg]
[html.themegenix.com/skillgro/login.html]
[html.themegenix.com/skillgro/registration.html]
[html.themegenix.com/skillgro/404.html]
[html.themegenix.com/skillgro/assets/img/others/error_img.svg]
[html.themegenix.com/skillgro/assets/img/icons/map.svg]
[html.themegenix.com/skillgro/assets/img/icons/contact_phone.svg]
[html.themegenix.com/skillgro/assets/img/icons/emial.svg]
[html.themegenix.com/skillgro/contact.html]
[html.themegenix.com/skillgro/assets/img/bg/instructor_dashboard_bg.jpg]
[html.themegenix.com/skillgro/assets/img/courses/details_instructors01.jpg]
[html.themegenix.com/skillgro/instructor-dashboard.html]
[html.themegenix.com/skillgro/instructor-profile.html]
[html.themegenix.com/skillgro/instructor-enrolled-courses.html]
[html.themegenix.com/skillgro/instructor-wishlist.html]
[html.themegenix.com/skillgro/instructor-review.html]
[html.themegenix.com/skillgro/instructor-attempts.html]
[html.themegenix.com/skillgro/instructor-history.html]
[html.themegenix.com/skillgro/instructor-courses.html]
[html.themegenix.com/skillgro/instructor-announcement.html]
[html.themegenix.com/skillgro/instructor-quiz.html]
[html.themegenix.com/skillgro/instructor-assignment.html]
[html.themegenix.com/skillgro/instructor-setting.html]
[html.themegenix.com/skillgro/assets/img/bg/student_bg.jpg]
[html.themegenix.com/skillgro/assets/img/courses/details_instructors02.jpg]
[html.themegenix.com/skillgro/student-dashboard.html]
[html.themegenix.com/skillgro/student-profile.html]
[html.themegenix.com/skillgro/student-enrolled-courses.html]
[html.themegenix.com/skillgro/student-wishlist.html]
[html.themegenix.com/skillgro/student-review.html]
[html.themegenix.com/skillgro/student-attempts.html]
[html.themegenix.com/skillgro/student-history.html]
[html.themegenix.com/skillgro/student-setting.html]
[html.themegenix.com/skillgro/assets/img/icons/heart.svg]
[html.themegenix.com/skillgro/assets/img/icons/cart.svg]
[html.themegenix.com/skillgro/assets/img/icons/user.svg]
[html.themegenix.com/skillgro/assets/img/objects/title_shape.svg]
[html.themegenix.com/skillgro/assets/img/icons/right_arrow.svg]
[html.themegenix.com/skillgro/assets/img/banner/bg_dots.svg]
[html.themegenix.com/skillgro/assets/img/banner/banner_shape02.svg]
[html.themegenix.com/skillgro/assets/img/banner/banner_shape01.svg]
[html.themegenix.com/skillgro/assets/img/icons/brand_star.svg]
[html.themegenix.com/skillgro/assets/img/others/about_shape.svg]
[html.themegenix.com/skillgro/course.html]
[html.themegenix.com/skillgro/instructor-datails.html]
[html.themegenix.com/skillgro/assets/img/others/faq_shape01.svg]
[html.themegenix.com/skillgro/assets/img/others/faq_shape02.svg]
[html.themegenix.com/skillgro/assets/img/icons/features_icon01.svg]
[html.themegenix.com/skillgro/assets/img/icons/features_icon02.svg]
[html.themegenix.com/skillgro/assets/img/icons/features_icon03.svg]
[html.themegenix.com/skillgro/assets/img/icons/features_icon04.svg]
[html.themegenix.com/skillgro/assets/img/instructor/instructor_shape01.svg]
[html.themegenix.com/skillgro/assets/img/instructor/instructor_shape02.svg]
[html.themegenix.com/skillgro/assets/img/logo/secondary_logo.svg]
[html.themegenix.com/skillgro/assets/img/icons/facebook.svg]
[html.themegenix.com/skillgro/assets/img/icons/twitter.svg]
[html.themegenix.com/skillgro/assets/img/icons/whatsapp.svg]
[html.themegenix.com/skillgro/assets/img/icons/instagram.svg]
[html.themegenix.com/skillgro/assets/img/icons/youtube.svg]
[html.themegenix.com/skillgro/assets/img/others/google-play.svg]
[html.themegenix.com/skillgro/assets/img/others/apple-store.svg]
[html.themegenix.com/skillgro/assets/js/vendor/jquery-3.6.0.min.js]
[html.themegenix.com/skillgro/assets/js/bootstrap.min.js]
[html.themegenix.com/skillgro/assets/js/imagesloaded.pkgd.min.js]
[html.themegenix.com/skillgro/assets/js/jquery.magnific-popup.min.js]
[html.themegenix.com/skillgro/assets/js/jquery.odometer.min.js]
[html.themegenix.com/skillgro/assets/js/jquery.appear.js]
[html.themegenix.com/skillgro/assets/js/tween-max.min.js]
[html.themegenix.com/skillgro/assets/js/select2.min.js]
[html.themegenix.com/skillgro/e]
[html.themegenix.com/skillgro/Version/index.html]
[html.themegenix.com/skillgro/t.params.url]
[html.themegenix.com/skillgro/assets/js/swiper-bundle.min.js]
[html.themegenix.com/skillgro/assets/js/jquery.marquee.min.js]
[html.themegenix.com/skillgro/src/js/index.js]
[html.themegenix.com/skillgro/node_modules/gsap/gsap-core.js]
[html.themegenix.com/skillgro/node_modules/jquery/dist/jquery.js]
[html.themegenix.com/skillgro/node_modules/gsap/index.js]
[html.themegenix.com/skillgro/src/js/cursor.js]
[html.themegenix.com/skillgro/src/js/magnetic.js]
[html.themegenix.com/skillgro/assets/js/tg-cursor.min.js]
[html.themegenix.com/skillgro/GET]
[html.themegenix.com/skillgro/assets/js/vivus.min.js]
[html.themegenix.com/skillgro/assets/js/ajax-form.js]
[html.themegenix.com/skillgro/assets/js/svg-inject.min.js]
[html.themegenix.com/skillgro/assets/js/jquery.circleType.js]
[html.themegenix.com/skillgro/assets/js/jquery.lettering.min.js]
[html.themegenix.com/skillgro/assets/js/plyr.min.js]
[html.themegenix.com/skillgro/assets/js/wow.min.js]
[html.themegenix.com/skillgro/assets/js/aos.js]
[html.themegenix.com/skillgro/assets/js/main.js]
[html.themegenix.com/skillgro/Edge/index.html]
[html.themegenix.com/skillgro/Trident/index.html]
[html.themegenix.com/skillgro/assets/fonts/fa-brands-400.svg]
[html.themegenix.com/skillgro/assets/fonts/fa-regular-400.svg]
[html.themegenix.com/skillgro/assets/fonts/fa-solid-900.svg]
[html.themegenix.com/skillgro/assets/skillgro-icon/flaticon_skillgro9f3c.html]
[html.themegenix.com/skillgro/assets/fonts/flat-icon/flaticon_tg_defaultbada.svg]
[html.themegenix.com/skillgro/assets/img/icons/down_arrow.svg]
[html.themegenix.com/skillgro/assets/img/icons/play.svg]
[html.themegenix.com/skillgro/assets/img/icons/cat_star.svg]
[html.themegenix.com/skillgro/assets/img/icons/quote.svg]
[html.themegenix.com/skillgro/assets/img/banner/h2_banner_shape01.svg]
[html.themegenix.com/skillgro/assets/img/banner/h2_banner_shape02.svg]
[html.themegenix.com/skillgro/assets/img/banner/h2_banner_icon.svg]
[html.themegenix.com/skillgro/assets/img/banner/h2_banner_shape03.svg]
[html.themegenix.com/skillgro/assets/img/icons/h2_features_icon01.svg]
[html.themegenix.com/skillgro/assets/img/others/features_item_shape.svg]
[html.themegenix.com/skillgro/assets/img/icons/h2_features_icon02.svg]
[html.themegenix.com/skillgro/assets/img/icons/h2_features_icon03.svg]
[html.themegenix.com/skillgro/assets/img/others/fact_shape01.svg]
[html.themegenix.com/skillgro/assets/img/others/fact_shape02.svg]
[html.themegenix.com/skillgro/assets/img/instructor/h2_instructor_img_shape01.svg]
[html.themegenix.com/skillgro/assets/img/banner/h3_hero_shape01.svg]
[html.themegenix.com/skillgro/assets/img/banner/h3_hero_img02.svg]
[html.themegenix.com/skillgro/assets/img/banner/h3_hero_shape02.svg]
[html.themegenix.com/skillgro/assets/img/banner/h3_hero_shape03.svg]
[html.themegenix.com/skillgro/assets/img/icons/h3_features_icon01.svg]
[html.themegenix.com/skillgro/assets/img/icons/h3_features_icon02.svg]
[html.themegenix.com/skillgro/assets/img/icons/h3_features_icon03.svg]
[html.themegenix.com/skillgro/assets/img/icons/h3_features_icon04.svg]
[html.themegenix.com/skillgro/assets/img/others/h3_about_shape01.svg]
[html.themegenix.com/skillgro/assets/img/others/h3_about_shape02.svg]
[html.themegenix.com/skillgro/assets/img/others/h3_about_shape03.svg]
[html.themegenix.com/skillgro/assets/img/icons/heart02.svg]
[html.themegenix.com/skillgro/assets/img/courses/h3_course_shape01.svg]
[html.themegenix.com/skillgro/assets/img/courses/h3_course_shape02.svg]
[html.themegenix.com/skillgro/assets/img/courses/h3_course_shape03.svg]
[html.themegenix.com/skillgro/assets/img/courses/h3_course_shape04.svg]
[html.themegenix.com/skillgro/assets/img/others/choose_shape03.svg]
[html.themegenix.com/skillgro/assets/img/others/choose_shape01.svg]
[html.themegenix.com/skillgro/assets/img/others/choose_shape02.svg]
[html.themegenix.com/skillgro/assets/img/events/h3_event_shape01.svg]
[html.themegenix.com/skillgro/assets/img/events/h3_event_shape02.svg]
[html.themegenix.com/skillgro/assets/img/others/h3_fact_shape01.svg]
[html.themegenix.com/skillgro/assets/img/others/h3_fact_shape02.svg]
[html.themegenix.com/skillgro/assets/img/blog/blog_shape.svg]
[html.themegenix.com/skillgro/assets/img/icons/offCanvas_icon.svg]
[html.themegenix.com/skillgro/assets/img/banner/h4_title_shape.svg]
[html.themegenix.com/skillgro/assets/img/banner/h4_hero_img_shape01.svg]
[html.themegenix.com/skillgro/dist/index.html]
[html.themegenix.com/skillgro/assets/img/banner/h4_hero_img_shape02.svg]
[html.themegenix.com/skillgro/assets/img/banner/h4_hero_shape01.svg]
[html.themegenix.com/skillgro/assets/img/banner/h4_hero_shape02.svg]
[html.themegenix.com/skillgro/assets/img/banner/h4_hero_shape03.svg]
[html.themegenix.com/skillgro/assets/img/icons/h4_features_icon01.svg]
[html.themegenix.com/skillgro/assets/img/icons/h4_features_icon02.svg]
[html.themegenix.com/skillgro/assets/img/icons/h4_features_icon03.svg]
[html.themegenix.com/skillgro/assets/img/others/h4_features_shape01.svg]
[html.themegenix.com/skillgro/assets/img/others/h4_features_shape02.svg]
[html.themegenix.com/skillgro/assets/img/icons/circle_icon.svg]
[html.themegenix.com/skillgro/assets/img/icons/choose_icon.svg]
[html.themegenix.com/skillgro/assets/img/others/h4_choose_shape.svg]
[html.themegenix.com/skillgro/assets/img/courses/h4_course_shape.svg]
[html.themegenix.com/skillgro/assets/img/events/h4_event_shape.svg]
[html.themegenix.com/skillgro/assets/img/others/testimonial_img_shape.svg]
[html.themegenix.com/skillgro/assets/img/icons/testi_icon.svg]
[html.themegenix.com/skillgro/assets/img/others/h4_testimonial_shape.svg]
[html.themegenix.com/skillgro/assets/img/blog/h4_blog_shape.svg]
[html.themegenix.com/skillgro/assets/img/others/h4_cta_shape.svg]
[html.themegenix.com/skillgro/assets/img/others/h4_cta_shape02.svg]
[html.themegenix.com/skillgro/assets/img/banner/h5_hero_bg_shape.svg]
[html.themegenix.com/skillgro/assets/img/banner/h5_hero_shape04.svg]
[html.themegenix.com/skillgro/assets/img/banner/h5_hero_shape05.svg]
[html.themegenix.com/skillgro/assets/img/banner/h5_hero_shape06.svg]
[html.themegenix.com/skillgro/assets/img/banner/h5_hero_shape01.svg]
[html.themegenix.com/skillgro/assets/img/banner/h5_hero_shape02.svg]
[html.themegenix.com/skillgro/assets/img/banner/h5_hero_shape03.svg]
[html.themegenix.com/skillgro/assets/img/others/h5_features_item_shape.svg]
[html.themegenix.com/skillgro/assets/img/others/h5_features_item_shape02.svg]
[html.themegenix.com/skillgro/assets/img/icons/h5_features_icon.svg]
[html.themegenix.com/skillgro/assets/img/others/h5_features_shape01.svg]
[html.themegenix.com/skillgro/assets/img/others/h5_features_shape02.svg]
[html.themegenix.com/skillgro/assets/img/others/h5_about_img_shape01.svg]
[html.themegenix.com/skillgro/assets/img/others/h5_about_img_shape02.svg]
[html.themegenix.com/skillgro/assets/img/others/h5_about_img_shape03.svg]
[html.themegenix.com/skillgro/assets/img/courses/h5_courses_bg_shape01.svg]
[html.themegenix.com/skillgro/assets/img/courses/h5_courses_bg_shape02.svg]
[html.themegenix.com/skillgro/assets/img/courses/h5_courses_shape01.svg]
[html.themegenix.com/skillgro/assets/img/courses/h5_courses_shape02.svg]
[html.themegenix.com/skillgro/assets/img/courses/h5_courses_shape03.svg]
[html.themegenix.com/skillgro/assets/img/courses/h5_courses_shape04.svg]
[html.themegenix.com/skillgro/assets/img/others/h5_faq_img_shape.svg]
[html.themegenix.com/skillgro/assets/img/others/h5_faq_shape02.svg]
[html.themegenix.com/skillgro/assets/img/others/h5_faq_shape03.svg]
[html.themegenix.com/skillgro/assets/img/others/h5_faq_shape01.svg]
[html.themegenix.com/skillgro/assets/img/instructor/h5_instructor_img_shape01.svg]
[html.themegenix.com/skillgro/assets/img/instructor/h5_instructor_img_shape02.svg]
[html.themegenix.com/skillgro/assets/img/others/h5_testimonial_bg_shape01.svg]
[html.themegenix.com/skillgro/assets/img/others/h5_testimonial_bg_shape02.svg]
[html.themegenix.com/skillgro/assets/img/others/h5_testimonial_shape01.svg]
[html.themegenix.com/skillgro/assets/img/others/h5_testimonial_shape02.svg]
[html.themegenix.com/skillgro/assets/img/others/h5_testimonial_shape03.svg]
[html.themegenix.com/skillgro/assets/img/others/h5_testimonial_shape04.svg]
[html.themegenix.com/skillgro/assets/img/others/h5_testimonial_shape05.svg]
[html.themegenix.com/skillgro/assets/img/blog/h5_blog_shape01.svg]
[html.themegenix.com/skillgro/assets/img/blog/h5_blog_shape02.svg]
[html.themegenix.com/skillgro/assets/img/others/h5_footer_bg_shape.svg]
[html.themegenix.com/skillgro/assets/img/others/h5_footer_shape01.svg]
[html.themegenix.com/skillgro/assets/img/others/h5_footer_shape02.svg]
[html.themegenix.com/skillgro/assets/img/others/h5_footer_shape03.svg]
[html.themegenix.com/skillgro/assets/img/others/h5_footer_shape04.svg]
[html.themegenix.com/skillgro/assets/img/others/h5_footer_shape05.svg]
[html.themegenix.com/skillgro/assets/img/banner/h6_banner_img_shape03.svg]
[html.themegenix.com/skillgro/assets/img/icons/star.svg]
[html.themegenix.com/skillgro/assets/img/banner/h6_banner_img_shape01.svg]
[html.themegenix.com/skillgro/assets/img/banner/h6_banner_img_shape02.svg]
[html.themegenix.com/skillgro/assets/img/flags/flag_01.svg]
[html.themegenix.com/skillgro/assets/img/flags/flag_02.svg]
[html.themegenix.com/skillgro/assets/img/flags/flag_03.svg]
[html.themegenix.com/skillgro/assets/img/flags/flag_04.svg]
[html.themegenix.com/skillgro/assets/img/flags/flag_05.svg]
[html.themegenix.com/skillgro/assets/img/flags/flag_06.svg]
[html.themegenix.com/skillgro/assets/img/flags/flag_07.svg]
[html.themegenix.com/skillgro/assets/img/flags/flag_08.svg]
[html.themegenix.com/skillgro/assets/img/icons/graph.svg]
[html.themegenix.com/skillgro/assets/img/others/h6_faq_shape01.svg]
[html.themegenix.com/skillgro/assets/img/others/h6_faq_shape02.svg]
[html.themegenix.com/skillgro/assets/img/others/h6_faq_shape03.svg]
[html.themegenix.com/skillgro/assets/img/icons/quote02.svg]
[html.themegenix.com/skillgro/assets/img/others/h6_testimonial_shape.svg]
[html.themegenix.com/skillgro/assets/img/slider/slider_title-shape.svg]
[html.themegenix.com/skillgro/assets/img/others/h7_cta_shape.svg]
[html.themegenix.com/skillgro/assets/img/others/h7_choose_shape01.svg]
[html.themegenix.com/skillgro/assets/img/others/h7_choose_shape02.svg]
[html.themegenix.com/skillgro/assets/img/others/h7_choose_shape03.svg]
[html.themegenix.com/skillgro/assets/img/others/h7_categories_shape01.svg]
[html.themegenix.com/skillgro/assets/img/others/h7_categories_shape02.svg]
[html.themegenix.com/skillgro/assets/img/others/h7_categories_shape03.svg]
[html.themegenix.com/skillgro/assets/img/others/h7_categories_shape04.svg]
[html.themegenix.com/skillgro/assets/img/others/h7_testimonial_img_shape.svg]
[html.themegenix.com/skillgro/assets/img/others/h7_newsletter_shape01.svg]
[html.themegenix.com/skillgro/assets/img/others/h7_newsletter_shape02.svg]
[html.themegenix.com/skillgro/assets/img/banner/h8_hero_title_shape.svg]
[html.themegenix.com/skillgro/assets/img/banner/h8_hero_img_shape02.svg]
[html.themegenix.com/skillgro/assets/img/banner/h8_hero_img_shape.svg]
[html.themegenix.com/skillgro/assets/img/courses/h8_course_shape01.svg]
[html.themegenix.com/skillgro/assets/img/courses/h8_course_shape02.svg]
[html.themegenix.com/skillgro/assets/img/others/h8_about_img_shape.svg]
[html.themegenix.com/skillgro/assets/img/others/h8_about_shape01.svg]
[html.themegenix.com/skillgro/assets/img/others/h8_about_shape02.svg]
[html.themegenix.com/skillgro/assets/img/others/h8_cta_img_shape.svg]
[html.themegenix.com/skillgro/assets/img/others/h8_cta_shape.svg]
[html.themegenix.com/skillgro/assets/img/categories/cat_shape01.svg]
[html.themegenix.com/skillgro/assets/img/categories/cat_shape02.svg]
[html.themegenix.com/skillgro/assets/img/others/h8_testimonial_shape01.svg]
[html.themegenix.com/skillgro/assets/img/others/h8_testimonial_shape02.svg]
[html.themegenix.com/skillgro/assets/img/blog/h8_blog_shape01.svg]
[html.themegenix.com/skillgro/assets/img/blog/h8_blog_shape02.svg]
[html.themegenix.com/skillgro/assets/img/others/h8_footer_shape.svg]
[html.themegenix.com/skillgro/assets/img/others/breadcrumb_shape01.svg]
[html.themegenix.com/skillgro/assets/img/others/breadcrumb_shape02.svg]
[html.themegenix.com/skillgro/assets/img/others/breadcrumb_shape03.svg]
[html.themegenix.com/skillgro/assets/img/others/breadcrumb_shape04.svg]
[html.themegenix.com/skillgro/assets/img/others/breadcrumb_shape05.svg]
[html.themegenix.com/skillgro/assets/img/icons/lock.svg]
[html.themegenix.com/skillgro/assets/img/icons/course_icon01.svg]
[html.themegenix.com/skillgro/assets/img/icons/course_icon02.svg]
[html.themegenix.com/skillgro/assets/img/icons/course_icon03.svg]
[html.themegenix.com/skillgro/assets/img/icons/course_icon04.svg]
[html.themegenix.com/skillgro/assets/img/icons/course_icon05.svg]
[html.themegenix.com/skillgro/assets/img/icons/course_icon06.svg]
[html.themegenix.com/skillgro/assets/img/others/inner_about_shape.svg]
[html.themegenix.com/skillgro/assets/img/icons/calendar.svg]
[html.themegenix.com/skillgro/assets/img/icons/google.svg]
[html.themegenix.com/skillgro/assets/img/others/error_img.svg]
[html.themegenix.com/skillgro/assets/img/icons/map.svg]
[html.themegenix.com/skillgro/assets/img/icons/contact_phone.svg]
[html.themegenix.com/skillgro/assets/img/icons/emial.svg]
[html.themegenix.com/skillgro/Version/index.html]
[html.themegenix.com/skillgro/e.html]
[html.themegenix.com/skillgro/t.params.html]
[html.themegenix.com/skillgro/src/js/index.html]
[html.themegenix.com/skillgro/node_modules/gsap/gsap-core.html]
[html.themegenix.com/skillgro/node_modules/jquery/dist/jquery.html]
[html.themegenix.com/skillgro/node_modules/gsap/index.html]
[html.themegenix.com/skillgro/src/js/cursor.html]
[html.themegenix.com/skillgro/src/js/magnetic.html]
[html.themegenix.com/skillgro/GET.html]
[html.themegenix.com/skillgro/Trident/index.html]
[html.themegenix.com/skillgro/Edge/index.html]
[html.themegenix.com/skillgro/dist/index.html]
