[html.themewant.com/studyhub/index.html]
[backblue.gif]
[fade.gif]
[index.html]
[html.themewant.com/studyhub/assets/images/fav.png]
[html.themewant.com/studyhub/assets/css/plugins/fontawesome-6.css]
[html.themewant.com/studyhub/assets/css/plugins/swiper.min.css]
[html.themewant.com/studyhub/assets/css/vendor/magnific-popup.css]
[html.themewant.com/studyhub/assets/css/vendor/bootstrap.min.css]
[html.themewant.com/studyhub/assets/css/vendor/jquery-ui.css]
[html.themewant.com/studyhub/assets/css/vendor/metismenu.css]
[html.themewant.com/studyhub/assets/css/style.css]
[html.themewant.com/studyhub/assets/images/flag-01.svg]
[html.themewant.com/studyhub/assets/images/flag-02.svg]
[html.themewant.com/studyhub/assets/images/flag-04.svg]
[html.themewant.com/studyhub/index-2.html]
[html.themewant.com/studyhub/assets/images/logo/logo-1.svg]
[html.themewant.com/studyhub/assets/images/header/grid.png]
[html.themewant.com/studyhub/assets/images/category/01.svg]
[html.themewant.com/studyhub/assets/images/category/07.svg]
[html.themewant.com/studyhub/assets/images/category/02.svg]
[html.themewant.com/studyhub/assets/images/category/03.svg]
[html.themewant.com/studyhub/assets/images/category/04.svg]
[html.themewant.com/studyhub/assets/images/category/05.svg]
[html.themewant.com/studyhub/assets/images/category/08.svg]
[html.themewant.com/studyhub/assets/images/category/06.svg]
[html.themewant.com/studyhub/index-two.html]
[html.themewant.com/studyhub/index-three.html]
[html.themewant.com/studyhub/index-four.html]
[html.themewant.com/studyhub/index-five.html]
[html.themewant.com/studyhub/index-six.html]
[html.themewant.com/studyhub/index-seven.html]
[html.themewant.com/studyhub/index-eight.html]
[html.themewant.com/studyhub/index-nine.html]
[html.themewant.com/studyhub/index-ten.html]
[html.themewant.com/studyhub/assets/images/nav/02.png]
[html.themewant.com/studyhub/assets/images/nav/03.png]
[html.themewant.com/studyhub/single-course.html]
[html.themewant.com/studyhub/assets/images/nav/01.jpg]
[html.themewant.com/studyhub/about.html]
[html.themewant.com/studyhub/about-two.html]
[html.themewant.com/studyhub/instructor-profile.html]
[html.themewant.com/studyhub/contact.html]
[html.themewant.com/studyhub/zoom-meeting.html]
[html.themewant.com/studyhub/event.html]
[html.themewant.com/studyhub/zoom-details.html]
[html.themewant.com/studyhub/event-2.html]
[html.themewant.com/studyhub/event-details.html]
[html.themewant.com/studyhub/shop.html]
[html.themewant.com/studyhub/product-details.html]
[html.themewant.com/studyhub/checkout.html]
[html.themewant.com/studyhub/cart.html]
[html.themewant.com/studyhub/404.html]
[html.themewant.com/studyhub/course-one.html]
[html.themewant.com/studyhub/course-two.html]
[html.themewant.com/studyhub/course-three.html]
[html.themewant.com/studyhub/course-four.html]
[html.themewant.com/studyhub/course-five.html]
[html.themewant.com/studyhub/course-six.html]
[html.themewant.com/studyhub/single-course-two.html]
[html.themewant.com/studyhub/single-course-three.html]
[html.themewant.com/studyhub/single-course-four.html]
[html.themewant.com/studyhub/single-course-five.html]
[html.themewant.com/studyhub/single-course-free.html]
[html.themewant.com/studyhub/become-instructor.html]
[html.themewant.com/studyhub/instructor.html]
[html.themewant.com/studyhub/pricing.html]
[html.themewant.com/studyhub/log-in.html]
[html.themewant.com/studyhub/registration.html]
[html.themewant.com/studyhub/create-course.html]
[html.themewant.com/studyhub/assets/images/nav/04.png]
[html.themewant.com/studyhub/lesson-details.html]
[html.themewant.com/studyhub/assets/images/nav/05.png]
[html.themewant.com/studyhub/assets/images/nav/06.png]
[html.themewant.com/studyhub/dashboard.html]
[html.themewant.com/studyhub/my-profile.html]
[html.themewant.com/studyhub/enroll-course.html]
[html.themewant.com/studyhub/wishlist.html]
[html.themewant.com/studyhub/reviews.html]
[html.themewant.com/studyhub/quick-attempts.html]
[html.themewant.com/studyhub/order-history.html]
[html.themewant.com/studyhub/question-answer.html]
[html.themewant.com/studyhub/calender.html]
[html.themewant.com/studyhub/my-course.html]
[html.themewant.com/studyhub/announcement.html]
[html.themewant.com/studyhub/assignments.html]
[html.themewant.com/studyhub/certificate.html]
[html.themewant.com/studyhub/student-dashboard.html]
[html.themewant.com/studyhub/student-profile.html]
[html.themewant.com/studyhub/student-enroll-course.html]
[html.themewant.com/studyhub/student-wishlist.html]
[html.themewant.com/studyhub/student-reviews.html]
[html.themewant.com/studyhub/student-quick-attempts.html]
[html.themewant.com/studyhub/student-order-history.html]
[html.themewant.com/studyhub/student-question-answer.html]
[html.themewant.com/studyhub/student-calender.html]
[html.themewant.com/studyhub/student-settings.html]
[html.themewant.com/studyhub/blog.html]
[html.themewant.com/studyhub/blog-grid.html]
[html.themewant.com/studyhub/blog-list.html]
[html.themewant.com/studyhub/blog-right-sidebar.html]
[html.themewant.com/studyhub/blog-left-sidebar.html]
[html.themewant.com/studyhub/blog-details.html]
[html.themewant.com/studyhub/assets/images/banner/bulb.png]
[html.themewant.com/studyhub/assets/images/banner/02.png]
[html.themewant.com/studyhub/assets/images/banner/shape/06.png]
[html.themewant.com/studyhub/assets/images/banner/shape/07.png]
[html.themewant.com/studyhub/assets/images/banner/shape/08.png]
[html.themewant.com/studyhub/assets/images/banner/01.png]
[html.themewant.com/studyhub/assets/images/banner/03.png]
[html.themewant.com/studyhub/assets/images/banner/04.png]
[html.themewant.com/studyhub/assets/images/banner/shape/banner-shape01.svg]
[html.themewant.com/studyhub/assets/images/banner/shape/banner-shape02.svg]
[html.themewant.com/studyhub/assets/images/banner/shape/banner-shape03.svg]
[html.themewant.com/studyhub/assets/images/brand/08.svg]
[html.themewant.com/studyhub/assets/images/brand/09.svg]
[html.themewant.com/studyhub/assets/images/brand/10.svg]
[html.themewant.com/studyhub/assets/images/brand/11.svg]
[html.themewant.com/studyhub/assets/images/brand/12.svg]
[html.themewant.com/studyhub/assets/images/brand/13.svg]
[html.themewant.com/studyhub/assets/images/about/03.jpg]
[html.themewant.com/studyhub/assets/images/about/02.jpg]
[html.themewant.com/studyhub/assets/images/about/01.jpg]
[html.themewant.com/studyhub/assets/images/about/icon/01.png]
[html.themewant.com/studyhub/assets/images/about/icon/02.png]
[html.themewant.com/studyhub/assets/images/about/01.png]
[html.themewant.com/studyhub/assets/images/banner/15.png]
[html.themewant.com/studyhub/assets/images/course/01.jpg]
[html.themewant.com/studyhub/assets/images/course/02.jpg]
[html.themewant.com/studyhub/assets/images/course/03.jpg]
[html.themewant.com/studyhub/assets/images/course/04.jpg]
[html.themewant.com/studyhub/assets/images/course/05.jpg]
[html.themewant.com/studyhub/assets/images/course/06.jpg]
[html.themewant.com/studyhub/assets/images/course/07.jpg]
[html.themewant.com/studyhub/assets/images/course/08.jpg]
[html.themewant.com/studyhub/assets/images/why-choose/02.jpg]
[html.themewant.com/studyhub/assets/images/why-choose/03.jpg]
[html.themewant.com/studyhub/assets/images/banner/bulb-2.png]
[html.themewant.com/studyhub/assets/images/why-choose/icon/01.png]
[html.themewant.com/studyhub/assets/images/why-choose/icon/02.png]
[html.themewant.com/studyhub/assets/images/why-choose/icon/03.png]
[html.themewant.com/studyhub/assets/images/why-choose/icon/04.png]
[html.themewant.com/studyhub/assets/images/why-choose/icon/05.png]
[html.themewant.com/studyhub/assets/images/why-choose/icon/06.png]
[html.themewant.com/studyhub/assets/images/banner/shape/banner-shape02-w.svg]
[html.themewant.com/studyhub/assets/images/banner/16.png]
[html.themewant.com/studyhub/assets/images/events/01.jpg]
[html.themewant.com/studyhub/assets/images/events/02.jpg]
[html.themewant.com/studyhub/assets/images/events/03.jpg]
[html.themewant.com/studyhub/assets/images/fun-facts/01.svg]
[html.themewant.com/studyhub/assets/images/fun-facts/02.svg]
[html.themewant.com/studyhub/assets/images/fun-facts/03.svg]
[html.themewant.com/studyhub/assets/images/fun-facts/04.svg]
[html.themewant.com/studyhub/assets/images/instructor/01.jpg]
[html.themewant.com/studyhub/assets/images/instructor/02.jpg]
[html.themewant.com/studyhub/assets/images/instructor/03.jpg]
[html.themewant.com/studyhub/assets/images/instructor/04.jpg]
[html.themewant.com/studyhub/assets/images/students-feedback/01.jpg]
[html.themewant.com/studyhub/assets/images/students-feedback/01.png]
[html.themewant.com/studyhub/assets/images/students-feedback/02.jpg]
[html.themewant.com/studyhub/assets/images/banner/18.png]
[html.themewant.com/studyhub/assets/images/banner/17.png]
[html.themewant.com/studyhub/assets/images/blog/01.jpg]
[html.themewant.com/studyhub/assets/images/blog/02.jpg]
[html.themewant.com/studyhub/assets/images/course/cart/01.jpg]
[html.themewant.com/studyhub/assets/images/course/cart/02.jpg]
[html.themewant.com/studyhub/assets/images/course/cart/03.jpg]
[html.themewant.com/studyhub/assets/images/cta/women.png]
[html.themewant.com/studyhub/assets/images/cta/03.svg]
[html.themewant.com/studyhub/assets/images/cta/04.svg]
[html.themewant.com/studyhub/assets/images/banner/04.jpg]
[html.themewant.com/studyhub/event-two.html]
[html.themewant.com/studyhub/assets/js/vendor/jquery.min.js]
[html.themewant.com/studyhub/assets/js/vendor/jquery-ui.js]
[html.themewant.com/studyhub/assets/js/vendor/metismenu.js]
[html.themewant.com/studyhub/assets/js/vendor/magnifying-popup.js]
[html.themewant.com/studyhub/assets/js/plugins/swiper.js]
[html.themewant.com/studyhub/assets/js/plugins/counterup.js]
[html.themewant.com/studyhub/assets/js/vendor/waypoint.js]
[html.themewant.com/studyhub/assets/js/vendor/waw.js]
[html.themewant.com/studyhub/assets/js/plugins/isotop.js]
[html.themewant.com/studyhub/assets/js/plugins/imagesloaded.pkgd.min.js]
[html.themewant.com/studyhub/assets/js/plugins/resizer-sensor.js]
[html.themewant.com/studyhub/assets/js/plugins/sticky-sidebar.js]
[html.themewant.com/studyhub/assets/js/plugins/twinmax.js]
[html.themewant.com/studyhub/assets/js/vendor/chroma.min.js]
[html.themewant.com/studyhub/assets/js/plugins/bootstrap.min.js]
[html.themewant.com/studyhub/assets/js/plugins/contact.form.js]
[html.themewant.com/studyhub/assets/js/plugins/calender.js]
[html.themewant.com/studyhub/index.html]
[html.themewant.com/studyhub/assets/js/main.js]
[html.themewant.com/studyhub/assets/fonts/fa-brands-400.woff2]
[html.themewant.com/studyhub/assets/fonts/fa-brands-400.ttf]
[html.themewant.com/studyhub/assets/fonts/fa-duotone-900.woff2]
[html.themewant.com/studyhub/assets/fonts/fa-duotone-900.ttf]
[html.themewant.com/studyhub/assets/fonts/fa-light-300.woff2]
[html.themewant.com/studyhub/assets/fonts/fa-light-300.ttf]
[html.themewant.com/studyhub/assets/fonts/fa-regular-400.woff2]
[html.themewant.com/studyhub/assets/fonts/fa-regular-400.ttf]
[html.themewant.com/studyhub/assets/fonts/fa-solid-900.woff2]
[html.themewant.com/studyhub/assets/fonts/fa-solid-900.ttf]
[html.themewant.com/studyhub/assets/fonts/fa-thin-100.woff2]
[html.themewant.com/studyhub/assets/fonts/fa-thin-100.ttf]
[html.themewant.com/studyhub/assets/fonts/fa-v4compatibility.woff2]
[html.themewant.com/studyhub/assets/fonts/fa-v4compatibility.ttf]
[html.themewant.com/studyhub/assets/css/plugins/fontawesome-6.css]
[html.themewant.com/studyhub/assets/css/plugins/swiper.min.css]
[html.themewant.com/studyhub/assets/css/vendor/magnific-popup.css]
[html.themewant.com/studyhub/assets/css/vendor/bootstrap.min.css]
[html.themewant.com/studyhub/assets/css/vendor/images/ui-icons_444444_256x240.png]
[html.themewant.com/studyhub/assets/css/vendor/images/ui-icons_555555_256x240.png]
[html.themewant.com/studyhub/assets/css/vendor/images/ui-icons_ffffff_256x240.png]
[html.themewant.com/studyhub/assets/css/vendor/images/ui-icons_777620_256x240.png]
[html.themewant.com/studyhub/assets/css/vendor/images/ui-icons_cc0000_256x240.png]
[html.themewant.com/studyhub/assets/css/vendor/images/ui-icons_777777_256x240.png]
[html.themewant.com/studyhub/assets/css/vendor/jquery-ui.css]
[html.themewant.com/studyhub/assets/css/vendor/metismenu.css]
[html.themewant.com/studyhub/assets/images/bg/bg-image-1.jpg]
[html.themewant.com/studyhub/assets/images/bg/bg-image-2.jpg]
[html.themewant.com/studyhub/assets/images/bg/bg-image-3.jpg]
[html.themewant.com/studyhub/assets/images/bg/bg-image-4.jpg]
[html.themewant.com/studyhub/assets/images/bg/bg-image-5.jpg]
[html.themewant.com/studyhub/assets/images/bg/bg-image-6.jpg]
[html.themewant.com/studyhub/assets/images/bg/bg-image-7.jpg]
[html.themewant.com/studyhub/assets/images/bg/bg-image-8.jpg]
[html.themewant.com/studyhub/assets/images/bg/bg-image-9.jpg]
[html.themewant.com/studyhub/assets/images/bg/bg-image-10.jpg]
[html.themewant.com/studyhub/assets/images/bg/bg-image-11.jpg]
[html.themewant.com/studyhub/assets/images/bg/bg-image-12.jpg]
[html.themewant.com/studyhub/assets/images/bg/bg-image-13.jpg]
[html.themewant.com/studyhub/assets/images/bg/bg-image-14.jpg]
[html.themewant.com/studyhub/assets/images/bg/bg-image-15.jpg]
[html.themewant.com/studyhub/assets/images/bg/bg-image-16.jpg]
[html.themewant.com/studyhub/assets/images/bg/bg-image-17.jpg]
[html.themewant.com/studyhub/assets/images/bg/bg-image-18.jpg]
[html.themewant.com/studyhub/assets/images/bg/bg-image-19.jpg]
[html.themewant.com/studyhub/assets/images/bg/bg-image-20.jpg]
[html.themewant.com/studyhub/assets/images/bg/bg-image-21.jpg]
[html.themewant.com/studyhub/assets/images/bg/bg-image-22.jpg]
[html.themewant.com/studyhub/assets/images/bg/bg-image-23.jpg]
[html.themewant.com/studyhub/assets/images/bg/bg-image-24.jpg]
[html.themewant.com/studyhub/assets/images/bg/bg-image-25.jpg]
[html.themewant.com/studyhub/assets/images/bg/bg-image-26.jpg]
[html.themewant.com/studyhub/assets/images/bg/bg-image-27.jpg]
[html.themewant.com/studyhub/assets/images/bg/bg-image-28.jpg]
[html.themewant.com/studyhub/assets/images/bg/bg-image-29.jpg]
[html.themewant.com/studyhub/assets/images/bg/bg-image-30.jpg]
[html.themewant.com/studyhub/assets/images/bg/bg-image-31.jpg]
[html.themewant.com/studyhub/assets/images/bg/bg-image-32.jpg]
[html.themewant.com/studyhub/assets/images/bg/bg-image-33.jpg]
[html.themewant.com/studyhub/assets/images/bg/bg-image-34.jpg]
[html.themewant.com/studyhub/assets/images/bg/bg-image-35.jpg]
[html.themewant.com/studyhub/assets/images/bg/bg-image-36.jpg]
[html.themewant.com/studyhub/assets/images/bg/bg-image-37.jpg]
[html.themewant.com/studyhub/assets/images/bg/bg-image-38.jpg]
[html.themewant.com/studyhub/assets/images/bg/bg-image-39.jpg]
[html.themewant.com/studyhub/assets/images/bg/bg-image-40.jpg]
[html.themewant.com/studyhub/assets/images/bg/bg-image-1.png]
[html.themewant.com/studyhub/assets/images/bg/bg-image-2.png]
[html.themewant.com/studyhub/assets/images/bg/bg-image-3.png]
[html.themewant.com/studyhub/assets/images/bg/bg-image-4.png]
[html.themewant.com/studyhub/assets/images/bg/bg-image-5.png]
[html.themewant.com/studyhub/assets/images/bg/bg-image-6.png]
[html.themewant.com/studyhub/assets/images/bg/bg-image-7.png]
[html.themewant.com/studyhub/assets/images/bg/bg-image-8.png]
[html.themewant.com/studyhub/assets/images/bg/bg-image-9.png]
[html.themewant.com/studyhub/assets/images/bg/bg-image-10.png]
[html.themewant.com/studyhub/assets/images/bg/bg-image-11.png]
[html.themewant.com/studyhub/assets/images/bg/bg-image-12.png]
[html.themewant.com/studyhub/assets/images/bg/bg-image-13.png]
[html.themewant.com/studyhub/assets/images/bg/bg-image-14.png]
[html.themewant.com/studyhub/assets/images/bg/bg-image-15.png]
[html.themewant.com/studyhub/assets/images/bg/bg-image-16.png]
[html.themewant.com/studyhub/assets/images/bg/bg-image-17.png]
[html.themewant.com/studyhub/assets/images/bg/bg-image-18.png]
[html.themewant.com/studyhub/assets/images/bg/bg-image-19.png]
[html.themewant.com/studyhub/assets/images/bg/bg-image-20.png]
[html.themewant.com/studyhub/assets/images/banner/01.jpg]
[html.themewant.com/studyhub/assets/images/banner/02.jpg]
[html.themewant.com/studyhub/assets/images/banner/03.jpg]
[html.themewant.com/studyhub/assets/images/banner/07.jpg]
[html.themewant.com/studyhub/assets/images/banner/08.jpg]
[html.themewant.com/studyhub/assets/images/banner/09.jpg]
[html.themewant.com/studyhub/assets/images/banner/10.jpg]
[html.themewant.com/studyhub/assets/images/breadcrumb/01.jpg]
[html.themewant.com/studyhub/assets/images/breadcrumb/02.jpg]
[html.themewant.com/studyhub/assets/images/breadcrumb/03.jpg]
[html.themewant.com/studyhub/assets/images/bg/bg-1.jpg]
[html.themewant.com/studyhub/assets/images/category/01.jpg]
[html.themewant.com/studyhub/assets/images/course/09.jpg]
[html.themewant.com/studyhub/assets/images/course/10.jpg]
[html.themewant.com/studyhub/assets/images/why-choose/01.jpg]
[html.themewant.com/studyhub/assets/images/fun-facts/01.jpg]
[html.themewant.com/studyhub/assets/images/fun-facts/02.jpg]
[html.themewant.com/studyhub/assets/images/cta/03.jpg]
[html.themewant.com/studyhub/assets/images/fun-facts/app-download-2.jpg]
[html.themewant.com/studyhub/assets/images/fun-facts/app-download.jpg]
[html.themewant.com/studyhub/assets/images/students-feedback/03.jpg]
[html.themewant.com/studyhub/assets/images/students-feedback/05.jpg]
[html.themewant.com/studyhub/assets/images/cta/cta-bg.png]
[html.themewant.com/studyhub/assets/images/cta/cta-bg-7.png]
[html.themewant.com/studyhub/assets/images/cta/cta-bg-8.png]
[html.themewant.com/studyhub/assets/images/banner/11.jpg]
[html.themewant.com/studyhub/assets/images/banner/shape/close.png]
[html.themewant.com/studyhub/assets/images/dashboard/01.jpg]
[html.themewant.com/studyhub/assets/images/dashboard/05.jpg]
[html.themewant.com/studyhub/assets/images/popover/01.jpg]
[html.themewant.com/studyhub/assets/images/dashboard/certificates/10.png]
[html.themewant.com/studyhub/assets/images/shop/02.jpg]
[html.themewant.com/studyhub/assets/images/shop/01.jpg]
[html.themewant.com/studyhub/assets/images/shop/03.jpg]
[html.themewant.com/studyhub/assets/css/style.css]
[html.themewant.com/studyhub/assets/images/flag-01.svg]
[html.themewant.com/studyhub/assets/images/flag-03.svg]
[html.themewant.com/studyhub/assets/images/flag-02.svg]
[html.themewant.com/studyhub/assets/images/flag-04.svg]
[html.themewant.com/studyhub/index-2.html]
[html.themewant.com/studyhub/assets/images/logo/logo-1.svg]
[html.themewant.com/studyhub/assets/images/category/01.svg]
[html.themewant.com/studyhub/assets/images/category/07.svg]
[html.themewant.com/studyhub/assets/images/category/02.svg]
[html.themewant.com/studyhub/assets/images/category/03.svg]
[html.themewant.com/studyhub/assets/images/category/04.svg]
[html.themewant.com/studyhub/assets/images/category/05.svg]
[html.themewant.com/studyhub/assets/images/category/08.svg]
[html.themewant.com/studyhub/assets/images/category/06.svg]
[html.themewant.com/studyhub/assets/images/banner/bulb-3.png]
[html.themewant.com/studyhub/assets/images/banner/06.png]
[html.themewant.com/studyhub/assets/images/banner/05.png]
[html.themewant.com/studyhub/assets/images/banner/07.png]
[html.themewant.com/studyhub/assets/images/banner/08.png]
[html.themewant.com/studyhub/assets/images/banner/shape/16.png]
[html.themewant.com/studyhub/assets/images/banner/shape/17.png]
[html.themewant.com/studyhub/assets/images/banner/shape/18.png]
[html.themewant.com/studyhub/assets/images/banner/shape/19.png]
[html.themewant.com/studyhub/assets/images/banner/bulb-4.png]
[html.themewant.com/studyhub/assets/images/banner/bulb-5.png]
[html.themewant.com/studyhub/assets/images/instructor/02.png]
[html.themewant.com/studyhub/assets/images/instructor/shape/01.png]
[html.themewant.com/studyhub/assets/images/instructor/shape/02.png]
[html.themewant.com/studyhub/assets/images/instructor/shape/03.png]
[html.themewant.com/studyhub/assets/images/instructor/shape/04.png]
[html.themewant.com/studyhub/assets/images/instructor/shape/05.png]
[html.themewant.com/studyhub/assets/images/students-feedback/02.png]
[html.themewant.com/studyhub/assets/images/students-feedback/03.png]
[html.themewant.com/studyhub/assets/images/students-feedback/04.png]
[html.themewant.com/studyhub/assets/images/students-feedback/05.png]
[html.themewant.com/studyhub/assets/images/students-feedback/06.png]
[html.themewant.com/studyhub/assets/images/students-feedback/07.png]
[html.themewant.com/studyhub/assets/images/students-feedback/08.png]
[html.themewant.com/studyhub/assets/images/students-feedback/09.png]
[html.themewant.com/studyhub/assets/images/cta/01.svg]
[html.themewant.com/studyhub/assets/images/cta/02.svg]
[html.themewant.com/studyhub/assets/images/cta/03.png]
[html.themewant.com/studyhub/assets/images/logo/logo-2.svg]
[html.themewant.com/studyhub/call-to_61485826710]
[html.themewant.com/studyhub/index-two.html]
[html.themewant.com/studyhub/assets/images/banner/shape/04.png]
[html.themewant.com/studyhub/assets/images/banner/10.png]
[html.themewant.com/studyhub/assets/images/banner/11.png]
[html.themewant.com/studyhub/assets/images/banner/09.png]
[html.themewant.com/studyhub/assets/images/banner/shape/01.png]
[html.themewant.com/studyhub/assets/images/banner/shape/02.png]
[html.themewant.com/studyhub/assets/images/banner/shape/03.png]
[html.themewant.com/studyhub/assets/images/banner/shape/03.svg]
[html.themewant.com/studyhub/assets/images/banner/shape/04.svg]
[html.themewant.com/studyhub/assets/images/brand/01.svg]
[html.themewant.com/studyhub/assets/images/brand/02.svg]
[html.themewant.com/studyhub/assets/images/brand/03.svg]
[html.themewant.com/studyhub/assets/images/brand/04.svg]
[html.themewant.com/studyhub/assets/images/brand/05.svg]
[html.themewant.com/studyhub/assets/images/brand/06.svg]
[html.themewant.com/studyhub/assets/images/brand/07.svg]
[html.themewant.com/studyhub/assets/images/course/01.png]
[html.themewant.com/studyhub/assets/images/course/02.png]
[html.themewant.com/studyhub/assets/images/course/03.png]
[html.themewant.com/studyhub/assets/images/course/04.png]
[html.themewant.com/studyhub/assets/images/course/05.png]
[html.themewant.com/studyhub/assets/images/course/06.png]
[html.themewant.com/studyhub/assets/images/course/07.png]
[html.themewant.com/studyhub/assets/images/course/08.png]
[html.themewant.com/studyhub/assets/images/course/09.png]
[html.themewant.com/studyhub/assets/images/course/10.png]
[html.themewant.com/studyhub/assets/images/course/11.png]
[html.themewant.com/studyhub/assets/images/course/12.png]
[html.themewant.com/studyhub/assets/images/fun-facts/01.png]
[html.themewant.com/studyhub/assets/images/fun-facts/icon/01.png]
[html.themewant.com/studyhub/assets/images/fun-facts/icon/02.png]
[html.themewant.com/studyhub/assets/images/fun-facts/icon/03.png]
[html.themewant.com/studyhub/assets/images/fun-facts/icon/04.png]
[html.themewant.com/studyhub/assets/images/students-feedback/04.jpg]
[html.themewant.com/studyhub/assets/images/students-feedback/10.png]
[html.themewant.com/studyhub/assets/images/students-feedback/11.png]
[html.themewant.com/studyhub/assets/images/students-feedback/12.png]
[html.themewant.com/studyhub/assets/images/blog/04.jpg]
[html.themewant.com/studyhub/assets/images/blog/05.jpg]
[html.themewant.com/studyhub/index-three.html]
[html.themewant.com/studyhub/assets/images/banner/36.png]
[html.themewant.com/studyhub/quiz-attempts.html]
[html.themewant.com/studyhub/settings.html]
[html.themewant.com/studyhub/assets/images/banner/12.svg]
[html.themewant.com/studyhub/assets/images/banner/shape/05.png]
[html.themewant.com/studyhub/assets/images/about/04.jpg]
[html.themewant.com/studyhub/assets/images/about/05.jpg]
[html.themewant.com/studyhub/assets/images/about/02.png]
[html.themewant.com/studyhub/assets/images/banner/12.png]
[html.themewant.com/studyhub/assets/images/about/icon/03.png]
[html.themewant.com/studyhub/assets/images/about/icon/04.png]
[html.themewant.com/studyhub/assets/images/about/01.svg]
[html.themewant.com/studyhub/assets/images/fun-facts/icon/01.svg]
[html.themewant.com/studyhub/assets/images/fun-facts/icon/02.svg]
[html.themewant.com/studyhub/assets/images/fun-facts/icon/03.svg]
[html.themewant.com/studyhub/assets/images/fun-facts/icon/04.svg]
[html.themewant.com/studyhub/assets/images/benefits/01.svg]
[html.themewant.com/studyhub/assets/images/benefits/02.svg]
[html.themewant.com/studyhub/assets/images/benefits/03.svg]
[html.themewant.com/studyhub/assets/images/benefits/04.svg]
[html.themewant.com/studyhub/assets/images/benefits/01.jpg]
[html.themewant.com/studyhub/index-four.html]
[html.themewant.com/studyhub/assets/images/banner/shape/01.svg]
[html.themewant.com/studyhub/assets/images/banner/13.png]
[html.themewant.com/studyhub/assets/images/about/02.svg]
[html.themewant.com/studyhub/assets/images/about/06.jpg]
[html.themewant.com/studyhub/assets/images/about/03.png]
[html.themewant.com/studyhub/assets/images/students-feedback/19.png]
[html.themewant.com/studyhub/assets/images/contact/01.png]
[html.themewant.com/studyhub/index-five.html]
[html.themewant.com/studyhub/assets/images/logo/logo-3.svg]
[html.themewant.com/studyhub/assets/images/banner/globe.png]
[html.themewant.com/studyhub/assets/images/banner/14.png]
[html.themewant.com/studyhub/assets/images/category/uk.png]
[html.themewant.com/studyhub/assets/images/category/spain.png]
[html.themewant.com/studyhub/assets/images/category/germany.png]
[html.themewant.com/studyhub/assets/images/category/france.png]
[html.themewant.com/studyhub/assets/images/category/portugal.png]
[html.themewant.com/studyhub/assets/images/category/russia.png]
[html.themewant.com/studyhub/assets/images/category/bangladesh.png]
[html.themewant.com/studyhub/assets/images/category/japan.png]
[html.themewant.com/studyhub/index-six.html]
[html.themewant.com/studyhub/assets/images/logo/logo-5.svg]
[html.themewant.com/studyhub/assets/images/banner/muscle.png]
[html.themewant.com/studyhub/assets/images/banner/shape/02.svg]
[html.themewant.com/studyhub/assets/images/banner/35.png]
[html.themewant.com/studyhub/assets/images/fun-facts/icon/05.svg]
[html.themewant.com/studyhub/assets/images/fun-facts/icon/06.svg]
[html.themewant.com/studyhub/assets/images/fun-facts/icon/07.svg]
[html.themewant.com/studyhub/assets/images/fun-facts/icon/08.svg]
[html.themewant.com/studyhub/assets/images/why-choose/04.jpg]
[html.themewant.com/studyhub/assets/images/why-choose/05.jpg]
[html.themewant.com/studyhub/assets/images/why-choose/icon/07.png]
[html.themewant.com/studyhub/assets/images/why-choose/icon/08.png]
[html.themewant.com/studyhub/assets/images/category/09.jpg]
[html.themewant.com/studyhub/assets/images/category/10.jpg]
[html.themewant.com/studyhub/assets/images/category/11.jpg]
[html.themewant.com/studyhub/assets/images/category/12.jpg]
[html.themewant.com/studyhub/assets/images/banner/21.png]
[html.themewant.com/studyhub/assets/images/banner/19.png]
[html.themewant.com/studyhub/assets/images/banner/20.png]
[html.themewant.com/studyhub/assets/images/banner/22.png]
[html.themewant.com/studyhub/assets/images/course/27.jpg]
[html.themewant.com/studyhub/assets/images/course/28.jpg]
[html.themewant.com/studyhub/assets/images/course/29.jpg]
[html.themewant.com/studyhub/assets/images/course/30.jpg]
[html.themewant.com/studyhub/assets/images/course/31.jpg]
[html.themewant.com/studyhub/assets/images/course/32.jpg]
[html.themewant.com/studyhub/assets/images/course/33.jpg]
[html.themewant.com/studyhub/assets/images/course/34.jpg]
[html.themewant.com/studyhub/assets/images/fun-facts/mobile-2.png]
[html.themewant.com/studyhub/assets/images/contact/08.png]
[html.themewant.com/studyhub/assets/images/cta/man.png]
[html.themewant.com/studyhub/assets/images/banner/23.png]
[html.themewant.com/studyhub/assets/images/banner/24.png]
[html.themewant.com/studyhub/index-seven.html]
[html.themewant.com/studyhub/assets/images/logo/logo-6.svg]
[html.themewant.com/studyhub/assets/images/logo/logo-7.svg]
[html.themewant.com/studyhub/assets/images/banner/27.png]
[html.themewant.com/studyhub/assets/images/banner/shape/09.png]
[html.themewant.com/studyhub/assets/images/banner/arrow.png]
[html.themewant.com/studyhub/assets/images/banner/25.png]
[html.themewant.com/studyhub/assets/images/banner/26.png]
[html.themewant.com/studyhub/assets/images/banner/fish.png]
[html.themewant.com/studyhub/assets/images/banner/bread.png]
[html.themewant.com/studyhub/assets/images/banner/cook.png]
[html.themewant.com/studyhub/assets/images/category/13.png]
[html.themewant.com/studyhub/assets/images/category/14.png]
[html.themewant.com/studyhub/assets/images/category/15.png]
[html.themewant.com/studyhub/assets/images/category/16.png]
[html.themewant.com/studyhub/assets/images/category/17.png]
[html.themewant.com/studyhub/assets/images/category/18.png]
[html.themewant.com/studyhub/assets/images/banner/28.png]
[html.themewant.com/studyhub/assets/images/banner/29.png]
[html.themewant.com/studyhub/assets/images/banner/30.png]
[html.themewant.com/studyhub/assets/images/banner/31.png]
[html.themewant.com/studyhub/assets/images/course/35.jpg]
[html.themewant.com/studyhub/assets/images/course/36.jpg]
[html.themewant.com/studyhub/assets/images/course/37.jpg]
[html.themewant.com/studyhub/assets/images/course/38.jpg]
[html.themewant.com/studyhub/assets/images/course/39.jpg]
[html.themewant.com/studyhub/assets/images/course/40.jpg]
[html.themewant.com/studyhub/assets/images/course/41.jpg]
[html.themewant.com/studyhub/assets/images/course/42.jpg]
[html.themewant.com/studyhub/assets/images/instructor/16.jpg]
[html.themewant.com/studyhub/assets/images/instructor/17.jpg]
[html.themewant.com/studyhub/assets/images/instructor/18.jpg]
[html.themewant.com/studyhub/assets/images/instructor/19.jpg]
[html.themewant.com/studyhub/assets/images/fun-facts/mobile.png]
[html.themewant.com/studyhub/assets/images/students-feedback/18.png]
[html.themewant.com/studyhub/assets/images/cta/man-2.png]
[html.themewant.com/studyhub/assets/images/banner/fish-2.png]
[html.themewant.com/studyhub/assets/images/banner/bread-2.png]
[html.themewant.com/studyhub/assets/images/banner/34.png]
[html.themewant.com/studyhub/index-eight.html]
[html.themewant.com/studyhub/assets/images/banner/line-title.png]
[html.themewant.com/studyhub/assets/images/banner/bulb-6.png]
[html.themewant.com/studyhub/assets/images/banner/bulb-7.png]
[html.themewant.com/studyhub/assets/images/category/19.svg]
[html.themewant.com/studyhub/assets/images/category/20.svg]
[html.themewant.com/studyhub/assets/images/category/21.svg]
[html.themewant.com/studyhub/assets/images/category/22.svg]
[html.themewant.com/studyhub/assets/images/about/07.jpg]
[html.themewant.com/studyhub/assets/images/about/icon/01.svg]
[html.themewant.com/studyhub/assets/images/about/icon/02.svg]
[html.themewant.com/studyhub/assets/images/students-feedback/17.png]
[html.themewant.com/studyhub/index-nine.html]
[html.themewant.com/studyhub/assets/images/banner/33.png]
[html.themewant.com/studyhub/assets/images/banner/arrow-1.png]
[html.themewant.com/studyhub/assets/images/banner/32.png]
[html.themewant.com/studyhub/assets/images/banner/shape/10.png]
[html.themewant.com/studyhub/assets/images/banner/shape/11.png]
[html.themewant.com/studyhub/assets/images/banner/shape/12.png]
[html.themewant.com/studyhub/assets/images/banner/shape/13.png]
[html.themewant.com/studyhub/assets/images/banner/shape/14.png]
[html.themewant.com/studyhub/assets/images/banner/shape/15.png]
[html.themewant.com/studyhub/assets/images/service/01.svg]
[html.themewant.com/studyhub/assets/images/service/02.svg]
[html.themewant.com/studyhub/assets/images/service/03.svg]
[html.themewant.com/studyhub/assets/images/service/04.svg]
[html.themewant.com/studyhub/assets/images/service/05.svg]
[html.themewant.com/studyhub/assets/images/service/06.svg]
[html.themewant.com/studyhub/assets/images/service/07.svg]
[html.themewant.com/studyhub/assets/images/students-feedback/06.jpg]
[html.themewant.com/studyhub/assets/images/students-feedback/16.png]
[html.themewant.com/studyhub/assets/images/students-feedback/14.png]
[html.themewant.com/studyhub/assets/images/students-feedback/15.png]
[html.themewant.com/studyhub/index-ten.html]
[html.themewant.com/studyhub/assets/images/breadcrumb/01.png]
[html.themewant.com/studyhub/assets/images/instructor/10.jpg]
[html.themewant.com/studyhub/assets/images/instructor/11.jpg]
[html.themewant.com/studyhub/assets/images/instructor/12.jpg]
[html.themewant.com/studyhub/assets/images/instructor/13.jpg]
[html.themewant.com/studyhub/assets/images/course/20.jpg]
[html.themewant.com/studyhub/assets/images/course/13.png]
[html.themewant.com/studyhub/single-course.html]
[html.themewant.com/studyhub/Instructor-2.html]
[html.themewant.com/studyhub/about.html]
[html.themewant.com/studyhub/assets/images/about/08.jpg]
[html.themewant.com/studyhub/assets/images/about/icon/06.png]
[html.themewant.com/studyhub/assets/images/about/icon/07.png]
[html.themewant.com/studyhub/assets/images/about/signature.png]
[html.themewant.com/studyhub/assets/images/fun-facts/03.jpg]
[html.themewant.com/studyhub/about-two.html]
[html.themewant.com/studyhub/assets/images/dashboard/01.png]
[html.themewant.com/studyhub/instructor-profile.html]
[html.themewant.com/studyhub/assets/images/logo/logo-4.svg]
[html.themewant.com/studyhub/assets/images/contact/02.png]
[html.themewant.com/studyhub/assets/images/contact/03.png]
[html.themewant.com/studyhub/assets/images/contact/04.png]
[html.themewant.com/studyhub/contact.html]
[html.themewant.com/studyhub/assets/images/zoom/01.jpg]
[html.themewant.com/studyhub/assets/images/zoom/01.png]
[html.themewant.com/studyhub/assets/images/zoom/02.jpg]
[html.themewant.com/studyhub/assets/images/zoom/03.jpg]
[html.themewant.com/studyhub/assets/images/zoom/04.jpg]
[html.themewant.com/studyhub/assets/images/zoom/05.jpg]
[html.themewant.com/studyhub/assets/images/zoom/06.jpg]
[html.themewant.com/studyhub/zoom-meeting.html]
[html.themewant.com/studyhub/assets/images/zoom/07.jpg]
[html.themewant.com/studyhub/zoom-details.html]
[html.themewant.com/studyhub/event.html]
[html.themewant.com/studyhub/assets/images/events/04.jpg]
[html.themewant.com/studyhub/assets/images/events/05.jpg]
[html.themewant.com/studyhub/assets/images/events/06.jpg]
[html.themewant.com/studyhub/assets/images/events/07.jpg]
[html.themewant.com/studyhub/assets/images/events/09.jpg]
[html.themewant.com/studyhub/event-2.html]
[html.themewant.com/studyhub/assets/images/events/10.jpg]
[html.themewant.com/studyhub/assets/images/events/icon/01.png]
[html.themewant.com/studyhub/assets/images/events/icon/02.png]
[html.themewant.com/studyhub/assets/images/events/icon/03.png]
[html.themewant.com/studyhub/assets/images/events/icon/04.png]
[html.themewant.com/studyhub/event-details.html]
[html.themewant.com/studyhub/assets/images/shop/04.jpg]
[html.themewant.com/studyhub/assets/images/shop/05.jpg]
[html.themewant.com/studyhub/assets/images/shop/06.jpg]
[html.themewant.com/studyhub/assets/images/shop/07.jpg]
[html.themewant.com/studyhub/assets/images/shop/08.jpg]
[html.themewant.com/studyhub/assets/images/shop/09.jpg]
[html.themewant.com/studyhub/assets/images/shop/10.jpg]
[html.themewant.com/studyhub/assets/images/shop/11.jpg]
[html.themewant.com/studyhub/assets/images/shop/12.jpg]
[html.themewant.com/studyhub/shop.html]
[html.themewant.com/studyhub/product-details.html]
[html.themewant.com/studyhub/assets/images/paypal.png]
[html.themewant.com/studyhub/checkout.html]
[html.themewant.com/studyhub/cart.html]
[html.themewant.com/studyhub/404.html]
[html.themewant.com/studyhub/assets/images/course/11.jpg]
[html.themewant.com/studyhub/assets/images/course/12.jpg]
[html.themewant.com/studyhub/assets/images/course/13.jpg]
[html.themewant.com/studyhub/assets/images/course/14.jpg]
[html.themewant.com/studyhub/assets/images/course/15.jpg]
[html.themewant.com/studyhub/assets/images/course/16.jpg]
[html.themewant.com/studyhub/assets/images/course/17.jpg]
[html.themewant.com/studyhub/assets/images/course/18.jpg]
[html.themewant.com/studyhub/course-one.html]
[html.themewant.com/studyhub/course-two.html]
[html.themewant.com/studyhub/course-three.html]
[html.themewant.com/studyhub/course-four.html]
[html.themewant.com/studyhub/course-five.html]
[html.themewant.com/studyhub/course-six.html]
[html.themewant.com/studyhub/assets/images/course/21.jpg]
[html.themewant.com/studyhub/single-course-two.html]
[html.themewant.com/studyhub/assets/images/course/22.jpg]
[html.themewant.com/studyhub/single-course-three.html]
[html.themewant.com/studyhub/single-course-four.html]
[html.themewant.com/studyhub/assets/images/instructor/01.png]
[html.themewant.com/studyhub/assets/images/course/26.jpg]
[html.themewant.com/studyhub/assets/images/course/23.jpg]
[html.themewant.com/studyhub/assets/images/course/24.jpg]
[html.themewant.com/studyhub/assets/images/course/25.jpg]
[html.themewant.com/studyhub/assets/images/course/add.jpg]
[html.themewant.com/studyhub/single-course-five.html]
[html.themewant.com/studyhub/single-course-free.html]
[html.themewant.com/studyhub/assets/images/instructor/14.jpg]
[html.themewant.com/studyhub/assets/images/instructor/15.jpg]
[html.themewant.com/studyhub/become-instructor.html]
[html.themewant.com/studyhub/assets/images/instructor/06.jpg]
[html.themewant.com/studyhub/assets/images/instructor/07.jpg]
[html.themewant.com/studyhub/assets/images/instructor/08.jpg]
[html.themewant.com/studyhub/assets/images/instructor/09.jpg]
[html.themewant.com/studyhub/instructor.html]
[html.themewant.com/studyhub/pricing.html]
[html.themewant.com/studyhub/assets/images/contact/06.png]
[html.themewant.com/studyhub/assets/images/contact/07.png]
[html.themewant.com/studyhub/assets/images/banner/login-bg.png]
[html.themewant.com/studyhub/log-in.html]
[html.themewant.com/studyhub/registration.html]
[html.themewant.com/studyhub/assets/images/dashboard/05.png]
[html.themewant.com/studyhub/assets/images/dashboard/certificates/04.png]
[html.themewant.com/studyhub/assets/images/dashboard/certificates/05.png]
[html.themewant.com/studyhub/assets/images/dashboard/certificates/06.png]
[html.themewant.com/studyhub/assets/images/dashboard/certificates/07.png]
[html.themewant.com/studyhub/assets/images/dashboard/certificates/08.png]
[html.themewant.com/studyhub/assets/images/dashboard/certificates/09.png]
[html.themewant.com/studyhub/assets/images/dashboard/certificates/11.png]
[html.themewant.com/studyhub/assets/images/dashboard/certificates/12.png]
[html.themewant.com/studyhub/assets/images/dashboard/certificates/13.png]
[html.themewant.com/studyhub/assets/images/dashboard/certificates/14.png]
[html.themewant.com/studyhub/assets/images/dashboard/certificates/15.png]
[html.themewant.com/studyhub/assets/images/dashboard/certificates/16.png]
[html.themewant.com/studyhub/create-course.html]
[html.themewant.com/studyhub/lesson-details.html]
[html.themewant.com/studyhub/my-bundles.html]
[html.themewant.com/studyhub/withdrowals.html]
[html.themewant.com/studyhub/assets/images/dashboard/02.jpg]
[html.themewant.com/studyhub/assets/images/dashboard/03.jpg]
[html.themewant.com/studyhub/assets/images/dashboard/04.jpg]
[html.themewant.com/studyhub/dashboard.html]
[html.themewant.com/studyhub/my-profile.html]
[html.themewant.com/studyhub/enroll-course.html]
[html.themewant.com/studyhub/wishlist.html]
[html.themewant.com/studyhub/assets/images/dashboard/reviews/01.png]
[html.themewant.com/studyhub/assets/images/dashboard/reviews/02.png]
[html.themewant.com/studyhub/assets/images/dashboard/reviews/03.png]
[html.themewant.com/studyhub/assets/images/dashboard/reviews/04.png]
[html.themewant.com/studyhub/assets/images/dashboard/reviews/05.png]
[html.themewant.com/studyhub/assets/images/dashboard/reviews/06.png]
[html.themewant.com/studyhub/assets/images/dashboard/reviews/07.png]
[html.themewant.com/studyhub/assets/images/dashboard/reviews/08.png]
[html.themewant.com/studyhub/assets/images/dashboard/reviews/09.png]
[html.themewant.com/studyhub/assets/images/dashboard/reviews/10.png]
[html.themewant.com/studyhub/assets/images/dashboard/reviews/11.png]
[html.themewant.com/studyhub/reviews.html]
[html.themewant.com/studyhub/quick-attempts.html]
[html.themewant.com/studyhub/order-history.html]
[html.themewant.com/studyhub/question-answer.html]
[html.themewant.com/studyhub/calender.html]
[html.themewant.com/studyhub/my-course.html]
[html.themewant.com/studyhub/assets/images/dashboard/announcement/01.png]
[html.themewant.com/studyhub/announcement.html]
[html.themewant.com/studyhub/assignments.html]
[html.themewant.com/studyhub/assets/images/dashboard/02.png]
[html.themewant.com/studyhub/assets/images/dashboard/certificates/01.png]
[html.themewant.com/studyhub/assets/images/dashboard/certificates/02.png]
[html.themewant.com/studyhub/assets/images/dashboard/certificates/03.png]
[html.themewant.com/studyhub/certificate.html]
[html.themewant.com/studyhub/assets/images/dashboard/04.png]
[html.themewant.com/studyhub/student-dashboard.html]
[html.themewant.com/studyhub/student-profile.html]
[html.themewant.com/studyhub/student-enroll-course.html]
[html.themewant.com/studyhub/student-wishlist.html]
[html.themewant.com/studyhub/student-reviews.html]
[html.themewant.com/studyhub/student-quick-attempts.html]
[html.themewant.com/studyhub/student-order-history.html]
[html.themewant.com/studyhub/student-question-answer.html]
[html.themewant.com/studyhub/student-calender.html]
[html.themewant.com/studyhub/student-settings.html]
[html.themewant.com/studyhub/blog.html]
[html.themewant.com/studyhub/student-quiz-attempts.html]
[html.themewant.com/studyhub/assets/images/blog/03.jpg]
[html.themewant.com/studyhub/assets/images/blog/06.jpg]
[html.themewant.com/studyhub/assets/images/blog/07.jpg]
[html.themewant.com/studyhub/assets/images/blog/08.jpg]
[html.themewant.com/studyhub/blog-grid.html]
[html.themewant.com/studyhub/assets/images/blog/09.jpg]
[html.themewant.com/studyhub/assets/images/blog/10.jpg]
[html.themewant.com/studyhub/assets/images/blog/11.jpg]
[html.themewant.com/studyhub/assets/images/blog/12.jpg]
[html.themewant.com/studyhub/blog-list.html]
[html.themewant.com/studyhub/blog-right-sidebar.html]
[html.themewant.com/studyhub/blog-left-sidebar.html]
[html.themewant.com/studyhub/blog-details.html]
[html.themewant.com/studyhub/assets/images/banner/shape/banner-shape01.svg]
[html.themewant.com/studyhub/assets/images/banner/shape/banner-shape02.svg]
[html.themewant.com/studyhub/assets/images/banner/shape/banner-shape03.svg]
[html.themewant.com/studyhub/assets/images/brand/08.svg]
[html.themewant.com/studyhub/assets/images/brand/09.svg]
[html.themewant.com/studyhub/assets/images/brand/10.svg]
[html.themewant.com/studyhub/assets/images/brand/11.svg]
[html.themewant.com/studyhub/assets/images/brand/12.svg]
[html.themewant.com/studyhub/assets/images/brand/13.svg]
[html.themewant.com/studyhub/assets/images/banner/shape/banner-shape02-w.svg]
[html.themewant.com/studyhub/assets/images/fun-facts/01.svg]
[html.themewant.com/studyhub/assets/images/fun-facts/02.svg]
[html.themewant.com/studyhub/assets/images/fun-facts/03.svg]
[html.themewant.com/studyhub/assets/images/fun-facts/04.svg]
[html.themewant.com/studyhub/assets/images/cta/03.svg]
[html.themewant.com/studyhub/assets/images/cta/04.svg]
[html.themewant.com/studyhub/event-two.html]
[html.themewant.com/studyhub/assets/js/vendor/jquery.min.js]
[html.themewant.com/studyhub/assets/js/vendor/jquery-ui.js]
[html.themewant.com/studyhub/assets/js/vendor/metismenu.js]
[html.themewant.com/studyhub/assets/js/vendor/magnifying-popup.js]
[html.themewant.com/studyhub/assets/js/plugins/swiper.js]
[html.themewant.com/studyhub/assets/js/plugins/counterup.js]
[html.themewant.com/studyhub/assets/js/vendor/waypoint.js]
[html.themewant.com/studyhub/assets/js/vendor/waw.js]
[html.themewant.com/studyhub/assets/js/plugins/isotop.js]
[html.themewant.com/studyhub/assets/js/plugins/imagesloaded.pkgd.min.js]
[html.themewant.com/studyhub/assets/js/plugins/resizer-sensor.js]
[html.themewant.com/studyhub/assets/js/plugins/sticky-sidebar.js]
[html.themewant.com/studyhub/assets/js/plugins/twinmax.js]
[html.themewant.com/studyhub/Version/index.html]
[html.themewant.com/studyhub/unsupported value for Color.set]
[html.themewant.com/studyhub/assets/js/vendor/chroma.min.js]
[html.themewant.com/studyhub/assets/js/plugins/bootstrap.min.js]
[html.themewant.com/studyhub/assets/js/plugins/contact.form.js]
[html.themewant.com/studyhub/assets/js/plugins/calender.js]
[html.themewant.com/studyhub/assets/js/main.js]
[html.themewant.com/studyhub/assets/css/vendor/images/ui-icons_444444_256x240.html]
[html.themewant.com/studyhub/assets/css/vendor/images/ui-icons_555555_256x240.html]
[html.themewant.com/studyhub/assets/css/vendor/images/ui-icons_ffffff_256x240.html]
[html.themewant.com/studyhub/assets/css/vendor/images/ui-icons_777620_256x240.html]
[html.themewant.com/studyhub/assets/css/vendor/images/ui-icons_cc0000_256x240.html]
[html.themewant.com/studyhub/assets/css/vendor/images/ui-icons_777777_256x240.html]
[html.themewant.com/studyhub/assets/images/bg/bg-image-1.html]
[html.themewant.com/studyhub/assets/images/bg/bg-image-2.html]
[html.themewant.com/studyhub/assets/images/bg/bg-image-3.html]
[html.themewant.com/studyhub/assets/images/bg/bg-image-4.html]
[html.themewant.com/studyhub/assets/images/bg/bg-image-5.html]
[html.themewant.com/studyhub/assets/images/bg/bg-image-6.html]
[html.themewant.com/studyhub/assets/images/bg/bg-image-7.html]
[html.themewant.com/studyhub/assets/images/bg/bg-image-8.html]
[html.themewant.com/studyhub/assets/images/bg/bg-image-9.html]
[html.themewant.com/studyhub/assets/images/bg/bg-image-10.html]
[html.themewant.com/studyhub/assets/images/bg/bg-image-11.html]
[html.themewant.com/studyhub/assets/images/bg/bg-image-12.html]
[html.themewant.com/studyhub/assets/images/bg/bg-image-13.html]
[html.themewant.com/studyhub/assets/images/bg/bg-image-14.html]
[html.themewant.com/studyhub/assets/images/bg/bg-image-15.html]
[html.themewant.com/studyhub/assets/images/bg/bg-image-16.html]
[html.themewant.com/studyhub/assets/images/bg/bg-image-17.html]
[html.themewant.com/studyhub/assets/images/bg/bg-image-18.html]
[html.themewant.com/studyhub/assets/images/bg/bg-image-19.html]
[html.themewant.com/studyhub/assets/images/bg/bg-image-20.html]
[html.themewant.com/studyhub/assets/images/bg/bg-image-21.html]
[html.themewant.com/studyhub/assets/images/bg/bg-image-22.html]
[html.themewant.com/studyhub/assets/images/bg/bg-image-23.html]
[html.themewant.com/studyhub/assets/images/bg/bg-image-24.html]
[html.themewant.com/studyhub/assets/images/bg/bg-image-25.html]
[html.themewant.com/studyhub/assets/images/bg/bg-image-26.html]
[html.themewant.com/studyhub/assets/images/bg/bg-image-27.html]
[html.themewant.com/studyhub/assets/images/bg/bg-image-28.html]
[html.themewant.com/studyhub/assets/images/bg/bg-image-29.html]
[html.themewant.com/studyhub/assets/images/bg/bg-image-30.html]
[html.themewant.com/studyhub/assets/images/bg/bg-image-31.html]
[html.themewant.com/studyhub/assets/images/bg/bg-image-32.html]
[html.themewant.com/studyhub/assets/images/bg/bg-image-33.html]
[html.themewant.com/studyhub/assets/images/bg/bg-image-34.html]
[html.themewant.com/studyhub/assets/images/bg/bg-image-35.html]
[html.themewant.com/studyhub/assets/images/bg/bg-image-36.html]
[html.themewant.com/studyhub/assets/images/bg/bg-image-37.html]
[html.themewant.com/studyhub/assets/images/bg/bg-image-38.html]
[html.themewant.com/studyhub/assets/images/bg/bg-image-39.html]
[html.themewant.com/studyhub/assets/images/bg/bg-image-40.html]
[html.themewant.com/studyhub/assets/images/bg/bg-image-41.html]
[html.themewant.com/studyhub/assets/images/bg/bg-image-42.html]
[html.themewant.com/studyhub/assets/images/bg/bg-image-43.html]
[html.themewant.com/studyhub/assets/images/bg/bg-image-44.html]
[html.themewant.com/studyhub/assets/images/bg/bg-image-45.html]
[html.themewant.com/studyhub/assets/images/bg/bg-image-46.html]
[html.themewant.com/studyhub/assets/images/bg/bg-image-47.html]
[html.themewant.com/studyhub/assets/images/bg/bg-image-48.html]
[html.themewant.com/studyhub/assets/images/bg/bg-image-49.html]
[html.themewant.com/studyhub/assets/images/bg/bg-image-50.html]
[html.themewant.com/studyhub/assets/images/bg/bg-image-51.html]
[html.themewant.com/studyhub/assets/images/bg/bg-image-52.html]
[html.themewant.com/studyhub/assets/images/bg/bg-image-53.html]
[html.themewant.com/studyhub/assets/images/bg/bg-image-54.html]
[html.themewant.com/studyhub/assets/images/bg/bg-image-55.html]
[html.themewant.com/studyhub/assets/images/bg/bg-image-56.html]
[html.themewant.com/studyhub/assets/images/bg/bg-image-57.html]
[html.themewant.com/studyhub/assets/images/bg/bg-image-58.html]
[html.themewant.com/studyhub/assets/images/bg/bg-image-59.html]
[html.themewant.com/studyhub/assets/images/bg/bg-image-60.html]
[html.themewant.com/studyhub/assets/images/header/01.svg]
[html.themewant.com/studyhub/assets/images/header/02.svg]
[html.themewant.com/studyhub/assets/images/cta/01.svg]
[html.themewant.com/studyhub/assets/images/cta/02.svg]
[html.themewant.com/studyhub/assets/images/cta/05.svg]
[html.themewant.com/studyhub/assets/images/logo/logo-2.svg]
[html.themewant.com/studyhub/call-to_61485826710.html]
[html.themewant.com/studyhub/assets/images/banner/shape/03.svg]
[html.themewant.com/studyhub/assets/images/banner/shape/04.svg]
[html.themewant.com/studyhub/assets/images/banner/shape/05.svg]
[html.themewant.com/studyhub/assets/images/brand/01.svg]
[html.themewant.com/studyhub/assets/images/brand/02.svg]
[html.themewant.com/studyhub/assets/images/brand/03.svg]
[html.themewant.com/studyhub/assets/images/brand/04.svg]
[html.themewant.com/studyhub/assets/images/brand/05.svg]
[html.themewant.com/studyhub/assets/images/brand/06.svg]
[html.themewant.com/studyhub/assets/images/brand/07.svg]
[code.jquery.com/ui/1.12.1/themes/base/jquery-ui.css]
[html.themewant.com/studyhub/service.html]
[html.themewant.com/studyhub/service-details.html]
[html.themewant.com/studyhub/contactus.html]
[html.themewant.com/studyhub/quiz-attempts.html]
[html.themewant.com/studyhub/settings.html]
[html.themewant.com/studyhub/assets/images/banner/12.svg]
[html.themewant.com/studyhub/assets/images/about/01.svg]
[html.themewant.com/studyhub/assets/images/fun-facts/icon/01.svg]
[html.themewant.com/studyhub/assets/images/fun-facts/icon/02.svg]
[html.themewant.com/studyhub/assets/images/fun-facts/icon/03.svg]
[html.themewant.com/studyhub/assets/images/fun-facts/icon/04.svg]
[html.themewant.com/studyhub/assets/images/benefits/01.svg]
[html.themewant.com/studyhub/assets/images/benefits/02.svg]
[html.themewant.com/studyhub/assets/images/benefits/03.svg]
[html.themewant.com/studyhub/assets/images/benefits/04.svg]
[html.themewant.com/studyhub/assets/images/banner/shape/01.svg]
[html.themewant.com/studyhub/assets/images/about/02.svg]
[html.themewant.com/studyhub/assets/images/logo/logo-3.svg]
[html.themewant.com/studyhub/assets/images/logo/logo-5.svg]
[html.themewant.com/studyhub/assets/images/banner/shape/02.svg]
[html.themewant.com/studyhub/assets/images/fun-facts/icon/05.svg]
[html.themewant.com/studyhub/assets/images/fun-facts/icon/06.svg]
[html.themewant.com/studyhub/assets/images/fun-facts/icon/07.svg]
[html.themewant.com/studyhub/assets/images/fun-facts/icon/08.svg]
[html.themewant.com/studyhub/assets/images/logo/logo-6.svg]
[html.themewant.com/studyhub/assets/images/logo/logo-7.svg]
[html.themewant.com/studyhub/assets/images/category/19.svg]
[html.themewant.com/studyhub/assets/images/category/20.svg]
[html.themewant.com/studyhub/assets/images/category/21.svg]
[html.themewant.com/studyhub/assets/images/category/22.svg]
[html.themewant.com/studyhub/assets/images/about/icon/01.svg]
[html.themewant.com/studyhub/assets/images/about/icon/02.svg]
[html.themewant.com/studyhub/assets/images/service/01.svg]
[html.themewant.com/studyhub/assets/images/service/02.svg]
[html.themewant.com/studyhub/assets/images/service/03.svg]
[html.themewant.com/studyhub/assets/images/service/04.svg]
[html.themewant.com/studyhub/assets/images/service/05.svg]
[html.themewant.com/studyhub/assets/images/service/06.svg]
[html.themewant.com/studyhub/assets/images/service/07.svg]
[html.themewant.com/studyhub/Instructor-2.html]
[html.themewant.com/studyhub/assets/images/logo/logo-4.svg]
[html.themewant.com/studyhub/analytics.html]
[html.themewant.com/studyhub/my-bundles.html]
[html.themewant.com/studyhub/assets/images/dashboard/announcement/02.png]
[html.themewant.com/studyhub/assets/images/dashboard/announcement/03.png]
[html.themewant.com/studyhub/withdrowals.html]
[html.themewant.com/studyhub/student-quiz-attempts.html]
[html.themewant.com/studyhub/Version/index.html]
[html.themewant.com/studyhub/unsupported value for Color.html]
[code.jquery.com/ui/1.12.1/themes/base/images/ui-icons_444444_256x240.png]
[code.jquery.com/ui/1.12.1/themes/base/images/ui-icons_555555_256x240.png]
[code.jquery.com/ui/1.12.1/themes/base/images/ui-icons_ffffff_256x240.png]
[code.jquery.com/ui/1.12.1/themes/base/images/ui-icons_777620_256x240.png]
[code.jquery.com/ui/1.12.1/themes/base/images/ui-icons_cc0000_256x240.png]
[code.jquery.com/ui/1.12.1/themes/base/images/ui-icons_777777_256x240.png]
[code.jquery.com/ui/1.12.1/themes/base/jquery-ui.css]
[html.themewant.com/studyhub/service.html]
[html.themewant.com/studyhub/service-details.html]
[html.themewant.com/studyhub/contactus.html]
[html.themewant.com/studyhub/analytics.html]
